Archive member included to satisfy reference by file (symbol)

app/libapp.a(main.c.obj)      (--whole-archive)
zephyr/libzephyr.a(cbprintf_packaged.c.obj)
                              (--whole-archive)
zephyr/libzephyr.a(crc32c_sw.c.obj)
                              (--whole-archive)
zephyr/libzephyr.a(crc32_sw.c.obj)
                              (--whole-archive)
zephyr/libzephyr.a(crc16_sw.c.obj)
                              (--whole-archive)
zephyr/libzephyr.a(crc8_sw.c.obj)
                              (--whole-archive)
zephyr/libzephyr.a(crc7_sw.c.obj)
                              (--whole-archive)
zephyr/libzephyr.a(dec.c.obj)
                              (--whole-archive)
zephyr/libzephyr.a(fdtable.c.obj)
                              (--whole-archive)
zephyr/libzephyr.a(hex.c.obj)
                              (--whole-archive)
zephyr/libzephyr.a(printk.c.obj)
                              (--whole-archive)
zephyr/libzephyr.a(rb.c.obj)  (--whole-archive)
zephyr/libzephyr.a(sem.c.obj)
                              (--whole-archive)
zephyr/libzephyr.a(thread_entry.c.obj)
                              (--whole-archive)
zephyr/libzephyr.a(timeutil.c.obj)
                              (--whole-archive)
zephyr/libzephyr.a(heap.c.obj)
                              (--whole-archive)
zephyr/libzephyr.a(heap-validate.c.obj)
                              (--whole-archive)
zephyr/libzephyr.a(bitarray.c.obj)
                              (--whole-archive)
zephyr/libzephyr.a(multi_heap.c.obj)
                              (--whole-archive)
zephyr/libzephyr.a(cbprintf_complete.c.obj)
                              (--whole-archive)
zephyr/libzephyr.a(cbprintf.c.obj)
                              (--whole-archive)
zephyr/libzephyr.a(ring_buffer.c.obj)
                              (--whole-archive)
zephyr/libzephyr.a(assert.c.obj)
                              (--whole-archive)
zephyr/libzephyr.a(mpsc_pbuf.c.obj)
                              (--whole-archive)
zephyr/libzephyr.a(fnmatch.c.obj)
                              (--whole-archive)
zephyr/libzephyr.a(configs.c.obj)
                              (--whole-archive)
zephyr/libzephyr.a(soc.c.obj)
                              (--whole-archive)
zephyr/libzephyr.a(stm32cube_hal.c.obj)
                              (--whole-archive)
zephyr/libzephyr.a(soc_config.c.obj)
                              (--whole-archive)
zephyr/libzephyr.a(log_core.c.obj)
                              (--whole-archive)
zephyr/libzephyr.a(log_mgmt.c.obj)
                              (--whole-archive)
zephyr/libzephyr.a(log_cache.c.obj)
                              (--whole-archive)
zephyr/libzephyr.a(log_msg.c.obj)
                              (--whole-archive)
zephyr/libzephyr.a(log_output.c.obj)
                              (--whole-archive)
zephyr/libzephyr.a(log_cmds.c.obj)
                              (--whole-archive)
zephyr/libzephyr.a(kernel_service.c.obj)
                              (--whole-archive)
zephyr/libzephyr.a(device_service.c.obj)
                              (--whole-archive)
zephyr/libzephyr.a(devmem_service.c.obj)
                              (--whole-archive)
zephyr/libzephyr.a(shell_uart.c.obj)
                              (--whole-archive)
zephyr/libzephyr.a(shell.c.obj)
                              (--whole-archive)
zephyr/libzephyr.a(shell_fprintf.c.obj)
                              (--whole-archive)
zephyr/libzephyr.a(shell_utils.c.obj)
                              (--whole-archive)
zephyr/libzephyr.a(shell_ops.c.obj)
                              (--whole-archive)
zephyr/libzephyr.a(shell_log_backend.c.obj)
                              (--whole-archive)
zephyr/libzephyr.a(shell_help.c.obj)
                              (--whole-archive)
zephyr/libzephyr.a(shell_cmds.c.obj)
                              (--whole-archive)
zephyr/libzephyr.a(shell_history.c.obj)
                              (--whole-archive)
zephyr/libzephyr.a(shell_wildcard.c.obj)
                              (--whole-archive)
zephyr/libzephyr.a(tracing_none.c.obj)
                              (--whole-archive)
zephyr/arch/common/libarch__common.a(sw_isr_common.c.obj)
                              (--whole-archive)
zephyr/arch/arch/arm/core/aarch32/libarch__arm__core__aarch32.a(cpu_idle.S.obj)
                              (--whole-archive)
zephyr/arch/arch/arm/core/aarch32/libarch__arm__core__aarch32.a(fatal.c.obj)
                              (--whole-archive)
zephyr/arch/arch/arm/core/aarch32/libarch__arm__core__aarch32.a(irq_manage.c.obj)
                              (--whole-archive)
zephyr/arch/arch/arm/core/aarch32/libarch__arm__core__aarch32.a(nmi.c.obj)
                              (--whole-archive)
zephyr/arch/arch/arm/core/aarch32/libarch__arm__core__aarch32.a(nmi_on_reset.S.obj)
                              (--whole-archive)
zephyr/arch/arch/arm/core/aarch32/libarch__arm__core__aarch32.a(prep_c.c.obj)
                              (--whole-archive)
[...]
Memory Configuration

Name             Origin             Length             Attributes
FLASH            0x0000000008000000 0x0000000000100000 xr
RAM              0x0000000020000000 0x0000000000018000 xw
IDT_LIST         0x00000000fffff7ff 0x0000000000000800 xw
*default*        0x0000000000000000 0xffffffffffffffff

Linker script and memory map

LOAD zephyr/CMakeFiles/zephyr_pre0.dir/misc/empty_file.c.obj
LOAD zephyr/CMakeFiles/offsets.dir/./arch/arm/core/offsets/offsets.c.obj
                0x0000000000000020                _region_min_align = 0x20

.rel.plt        0x0000000008000000        0x0
 *(SORT_BY_ALIGNMENT(.rel.plt))
                [!provide]                        PROVIDE (__rel_iplt_start = .)
 *(SORT_BY_ALIGNMENT(.rel.iplt))
 .rel.iplt      0x0000000008000000        0x0 app/libapp.a(main.c.obj)
                [!provide]                        PROVIDE (__rel_iplt_end = .)

.rela.plt       0x0000000000000000        0x0
 *(SORT_BY_ALIGNMENT(.rela.plt))
                [!provide]                        PROVIDE (__rela_iplt_start = .)
 *(SORT_BY_ALIGNMENT(.rela.iplt))
                [!provide]                        PROVIDE (__rela_iplt_end = .)

.rel.dyn
 *(SORT_BY_ALIGNMENT(.rel.*))

.rela.dyn
 *(SORT_BY_ALIGNMENT(.rela.*))

/DISCARD/
 *(SORT_BY_ALIGNMENT(.plt))

/DISCARD/
 *(SORT_BY_ALIGNMENT(.iplt))
                0x0000000008000000                __rom_region_start = 0x8000000

rom_start       0x0000000008000000      0x188
                0x0000000000000000                . = 0x0
                0x0000000000000000                . = ALIGN (0x4)
                0x0000000000000000                . = ALIGN (0x80)
                0x0000000000000000                . = ALIGN (0x200)
                0x0000000008000000                _vector_start = .
 *(SORT_BY_ALIGNMENT(.exc_vector_table))
 *(SORT_BY_ALIGNMENT(.exc_vector_table.*))
 .exc_vector_table._vector_table_section
                0x0000000008000000       0x40 zephyr/arch/arch/arm/core/aarch32/cortex_m/libarch__arm__core__aarch32__cortex_m.a(vector_table.S.obj)
                0x0000000008000000                _vector_table
 *(SORT_BY_ALIGNMENT(.vectors))
                0x0000000008000188                _vector_end = .
                0x0000000008000040                . = ALIGN (0x4)
 *(SORT_BY_ALIGNMENT(.gnu.linkonce.irq_vector_table*))
 .gnu.linkonce.irq_vector_table
                0x0000000008000040      0x148 zephyr/arch/common/libisr_tables.a(isr_tables.c.obj)
                0x0000000008000040                _irq_vector_table
                0x0000000008000188                _vector_end = .

text            0x00000000080001c0    0x19b68
                0x00000000080001c0                __text_region_start = .
 *(SORT_BY_ALIGNMENT(.text))
 .text          0x00000000080001c0       0xdc /home/sorybarry/zephyr-sdk-0.15.1/arm-zephyr-eabi/arm-zephyr-eabi/lib/thumb/v7e-m+fp/hard/libc.a(lib_a-strlen.o)
                0x00000000080001c0                strlen
 *fill*         0x000000000800029c        0x4 
 .text          0x00000000080002a0      0x2dc /home/sorybarry/zephyr-sdk-0.15.1/arm-zephyr-eabi/arm-zephyr-eabi/lib/thumb/v7e-m+fp/hard/libc.a(lib_a-strcmp.o)
                0x00000000080002a8                strcmp
 *fill*         0x000000000800057c        0x4 
 .text          0x0000000008000580       0xa0 /home/sorybarry/zephyr-sdk-0.15.1/arm-zephyr-eabi/arm-zephyr-eabi/lib/thumb/v7e-m+fp/hard/libc.a(lib_a-memchr.o)
                0x0000000008000580                memchr
 .text          0x0000000008000620      0x378 /home/sorybarry/zephyr-sdk-0.15.1/arm-zephyr-eabi/bin/../lib/gcc/arm-zephyr-eabi/12.1.0/thumb/v7e-m+fp/hard/libgcc.a(_arm_addsubdf3.o)
                0x0000000008000620                __aeabi_drsub
                0x0000000008000628                __aeabi_dsub
                0x0000000008000628                __subdf3
                0x000000000800062c                __adddf3
                0x000000000800062c                __aeabi_dadd
                0x00000000080008a4                __aeabi_ui2d
                0x00000000080008a4                __floatunsidf
                0x00000000080008c4                __floatsidf
                0x00000000080008c4                __aeabi_i2d
                0x00000000080008e8                __extendsfdf2
                0x00000000080008e8                __aeabi_f2d
                0x000000000800092c                __aeabi_ul2d
                0x000000000800092c                __floatundidf
                0x000000000800093c                __floatdidf
                0x000000000800093c                __aeabi_l2d
 .text          0x0000000008000998      0x424 /home/sorybarry/zephyr-sdk-0.15.1/arm-zephyr-eabi/bin/../lib/gcc/arm-zephyr-eabi/12.1.0/thumb/v7e-m+fp/hard/libgcc.a(_arm_muldivdf3.o)
                0x0000000008000998                __aeabi_dmul
                0x0000000008000998                __muldf3
                0x0000000008000bec                __aeabi_ddiv
                0x0000000008000bec                __divdf3
 .text          0x0000000008000dbc       0x50 /home/sorybarry/zephyr-sdk-0.15.1/arm-zephyr-eabi/bin/../lib/gcc/arm-zephyr-eabi/12.1.0/thumb/v7e-m+fp/hard/libgcc.a(_arm_fixdfsi.o)
                0x0000000008000dbc                __fixdfsi
                0x0000000008000dbc                __aeabi_d2iz
 .text          0x0000000008000e0c       0xa0 /home/sorybarry/zephyr-sdk-0.15.1/arm-zephyr-eabi/bin/../lib/gcc/arm-zephyr-eabi/12.1.0/thumb/v7e-m+fp/hard/libgcc.a(_arm_truncdfsf2.o)
                0x0000000008000e0c                __aeabi_d2f
                0x0000000008000e0c                __truncdfsf2
 .text          0x0000000008000eac       0xa0 /home/sorybarry/zephyr-sdk-0.15.1/arm-zephyr-eabi/bin/../lib/gcc/arm-zephyr-eabi/12.1.0/thumb/v7e-m+fp/hard/libgcc.a(_aeabi_ldivmod.o)
                0x0000000008000eac                __aeabi_ldivmod
 .text          0x0000000008000f4c       0x30 /home/sorybarry/zephyr-sdk-0.15.1/arm-zephyr-eabi/bin/../lib/gcc/arm-zephyr-eabi/12.1.0/thumb/v7e-m+fp/hard/libgcc.a(_aeabi_uldivmod.o)
                0x0000000008000f4c                __aeabi_uldivmod
 .text          0x0000000008000f7c        0x4 /home/sorybarry/zephyr-sdk-0.15.1/arm-zephyr-eabi/bin/../lib/gcc/arm-zephyr-eabi/12.1.0/thumb/v7e-m+fp/hard/libgcc.a(_dvmd_tls.o)
                0x0000000008000f7c                __aeabi_ldiv0
                0x0000000008000f7c                __aeabi_idiv0
 .text          0x0000000008000f80      0x110 /home/sorybarry/zephyr-sdk-0.15.1/arm-zephyr-eabi/bin/../lib/gcc/arm-zephyr-eabi/12.1.0/thumb/v7e-m+fp/hard/libgcc.a(_arm_cmpdf2.o)
                0x0000000008000f80                __gtdf2
                0x0000000008000f80                __gedf2
                0x0000000008000f88                __ltdf2
                0x0000000008000f88                __ledf2
                0x0000000008000f90                __cmpdf2
                0x0000000008000f90                __eqdf2
                0x0000000008000f90                __nedf2
                0x000000000800100c                __aeabi_cdrcmple
                0x000000000800101c                __aeabi_cdcmple
                0x000000000800101c                __aeabi_cdcmpeq
                0x000000000800102c                __aeabi_dcmpeq
                0x0000000008001040                __aeabi_dcmplt
                0x0000000008001054                __aeabi_dcmple
                0x0000000008001068                __aeabi_dcmpge
                0x000000000800107c                __aeabi_dcmpgt
 .text          0x0000000008001090      0x134 /home/sorybarry/zephyr-sdk-0.15.1/arm-zephyr-eabi/arm-zephyr-eabi/lib/thumb/v7e-m+fp/hard/libc.a(lib_a-memcpy.o)
                0x0000000008001090                memcpy
 .text          0x00000000080011c4       0x2c /home/sorybarry/zephyr-sdk-0.15.1/arm-zephyr-eabi/bin/../lib/gcc/arm-zephyr-eabi/12.1.0/thumb/v7e-m+fp/hard/libgcc.a(_arm_unorddf2.o)
                0x00000000080011c4                __aeabi_dcmpun
                0x00000000080011c4                __unorddf2
 .text          0x00000000080011f0      0x2a0 /home/sorybarry/zephyr-sdk-0.15.1/arm-zephyr-eabi/bin/../lib/gcc/arm-zephyr-eabi/12.1.0/thumb/v7e-m+fp/hard/libgcc.a(_udivmoddi4.o)
                0x00000000080011f0                __udivmoddi4
 *(SORT_BY_ALIGNMENT(.text.*))
 .text.phi_and_rho_funct
                0x0000000008001490       0x7c app/libapp.a(main.c.obj)
                0x0000000008001490                phi_and_rho_funct
 *fill*         0x000000000800150c        0x4 
 .text.tetha_funct
                0x0000000008001510       0x7c app/libapp.a(main.c.obj)
                0x0000000008001510                tetha_funct
 *fill*         0x000000000800158c        0x4 
 .text.work_handler
                0x0000000008001590      0x334 app/libapp.a(main.c.obj)
 *fill*         0x00000000080018c4        0x4 
 .text.thread1  0x00000000080018c8      0x1d4 app/libapp.a(main.c.obj)
 *fill*         0x0000000008001a9c        0x4 
 .text.z_cbvprintf_impl
                0x0000000008001aa0      0xcd8 zephyr/libzephyr.a(cbprintf_complete.c.obj)
                0x0000000008001aa0                z_cbvprintf_impl
 .text.lsm6dsl_accel_convert
                0x0000000008002778       0x74 zephyr/drivers/sensor/lsm6dsl/libdrivers__sensor__lsm6dsl.a(lsm6dsl.c.obj)
 *fill*         0x00000000080027ec        0x4 
 .text.lsm6dsl_gyro_convert.constprop.0
                0x00000000080027f0       0x60 zephyr/drivers/sensor/lsm6dsl/libdrivers__sensor__lsm6dsl.a(lsm6dsl.c.obj)
 .text.lsm6dsl_attr_set
                0x0000000008002850      0x1b8 zephyr/drivers/sensor/lsm6dsl/libdrivers__sensor__lsm6dsl.a(lsm6dsl.c.obj)
 .text.handle_channel_by_name
                0x0000000008002a08      0x154 zephyr/drivers/sensor/libdrivers__sensor.a(sensor_shell.c.obj)
 *fill*         0x0000000008002b5c        0x4 
 .text.work_queue_main
                0x0000000008002b60      0x140 zephyr/kernel/libkernel.a(work.c.obj)
 .text.atan     0x0000000008002ca0      0x328 /home/sorybarry/zephyr-sdk-0.15.1/arm-zephyr-eabi/arm-zephyr-eabi/lib/thumb/v7e-m+fp/hard/libm.a(lib_a-s_atan.o)
                0x0000000008002ca0                atan
 .text._svfprintf_r
                0x0000000008002fc8     0x1a3c /home/sorybarry/zephyr-sdk-0.15.1/arm-zephyr-eabi/arm-zephyr-eabi/lib/thumb/v7e-m+fp/hard/libc.a(lib_a-svfprintf.o)
                0x0000000008002fc8                _svfprintf_r
 *fill*         0x0000000008004a04        0x4 
 .text._vfprintf_r
                0x0000000008004a08     0x1ad4 /home/sorybarry/zephyr-sdk-0.15.1/arm-zephyr-eabi/arm-zephyr-eabi/lib/thumb/v7e-m+fp/hard/libc.a(lib_a-vfprintf.o)
                0x0000000008004a08                _vfprintf_r
 *fill*         0x00000000080064dc        0x4 
 .text._dtoa_r  0x00000000080064e0      0xe4c /home/sorybarry/zephyr-sdk-0.15.1/arm-zephyr-eabi/arm-zephyr-eabi/lib/thumb/v7e-m+fp/hard/libc.a(lib_a-dtoa.o)
                0x00000000080064e0                _dtoa_r
 .text.callback_intrpt
                0x000000000800732c       0x24 app/libapp.a(main.c.obj)
                0x000000000800732c                callback_intrpt
 .text.timer_callback
                0x0000000008007350        0xc app/libapp.a(main.c.obj)
                0x0000000008007350                timer_callback
 .text.i2c_reg_write_byte_dt.constprop.0.isra.0
                0x000000000800735c       0x2c app/libapp.a(main.c.obj)
 .text.display  0x0000000008007388       0x38 app/libapp.a(main.c.obj)
                0x0000000008007388                display
 .text.main     0x00000000080073c0      0x128 app/libapp.a(main.c.obj)
                0x00000000080073c0                main
 .text.cbprintf_package_convert
                0x00000000080074e8      0x3bc zephyr/libzephyr.a(cbprintf_packaged.c.obj)
                0x00000000080074e8                cbprintf_package_convert
 .text.char_out
                0x00000000080078a4        0xc zephyr/libzephyr.a(printk.c.obj)
 .text.__printk_hook_install
                0x00000000080078b0        0xc zephyr/libzephyr.a(printk.c.obj)
                0x00000000080078b0                __printk_hook_install
 .text.vprintk  0x00000000080078bc       0x1c zephyr/libzephyr.a(printk.c.obj)
                0x00000000080078bc                vprintk
 .text.vsnprintk
                0x00000000080078d8       0x2c zephyr/libzephyr.a(printk.c.obj)
                0x00000000080078d8                vsnprintk
 .text.extract_decimal
                0x0000000008007904       0x2c zephyr/libzephyr.a(cbprintf_complete.c.obj)
 .text.encode_uint
                0x0000000008007930       0x98 zephyr/libzephyr.a(cbprintf_complete.c.obj)
 .text.foldcase
                0x00000000080079c8       0x18 zephyr/libzephyr.a(fnmatch.c.obj)
 .text.stm32l4_init
                0x00000000080079e0       0x2c zephyr/libzephyr.a(soc.c.obj)
 .text.activate_foreach_backend
                0x0000000008007a0c       0x64 zephyr/libzephyr.a(log_core.c.obj)
 .text.enable_logger
                0x0000000008007a70       0x5c zephyr/libzephyr.a(log_core.c.obj)
 .text.log_process_thread_timer_expiry_fn
                0x0000000008007acc        0xc zephyr/libzephyr.a(log_core.c.obj)
 .text.z_log_init
                0x0000000008007ad8       0x8c zephyr/libzephyr.a(log_core.c.obj)
 .text.log_set_timestamp_func
                0x0000000008007b64       0x20 zephyr/libzephyr.a(log_core.c.obj)
                0x0000000008007b64                log_set_timestamp_func
 .text.z_log_notify_backend_enabled
                0x0000000008007b84       0x1c zephyr/libzephyr.a(log_core.c.obj)
                0x0000000008007b84                z_log_notify_backend_enabled
 .text.z_log_dropped
                0x0000000008007ba0       0x30 zephyr/libzephyr.a(log_core.c.obj)
                0x0000000008007ba0                z_log_dropped
 .text.z_log_dropped_read_and_clear
                0x0000000008007bd0       0x20 zephyr/libzephyr.a(log_core.c.obj)
                0x0000000008007bd0                z_log_dropped_read_and_clear
 .text.dropped_notify
                0x0000000008007bf0       0x30 zephyr/libzephyr.a(log_core.c.obj)
                0x0000000008007bf0                dropped_notify
 .text.z_log_msg_init
                0x0000000008007c20       0x20 zephyr/libzephyr.a(log_core.c.obj)
                0x0000000008007c20                z_log_msg_init
 .text.log_core_init
                0x0000000008007c40       0x30 zephyr/libzephyr.a(log_core.c.obj)
                0x0000000008007c40                log_core_init
 .text.z_log_msg_alloc
                0x0000000008007c70       0x10 zephyr/libzephyr.a(log_core.c.obj)
                0x0000000008007c70                z_log_msg_alloc
 .text.z_log_msg_local_claim
                0x0000000008007c80        0xc zephyr/libzephyr.a(log_core.c.obj)
                0x0000000008007c80                z_log_msg_local_claim
 .text.z_log_msg_free
                0x0000000008007c8c       0x10 zephyr/libzephyr.a(log_core.c.obj)
                0x0000000008007c8c                z_log_msg_free
 .text.z_log_msg_pending
                0x0000000008007c9c        0xc zephyr/libzephyr.a(log_core.c.obj)
                0x0000000008007c9c                z_log_msg_pending
 .text.z_impl_log_process
                0x0000000008007ca8       0xe4 zephyr/libzephyr.a(log_core.c.obj)
                0x0000000008007ca8                z_impl_log_process
 .text.z_impl_log_panic
                0x0000000008007d8c       0x44 zephyr/libzephyr.a(log_core.c.obj)
                0x0000000008007d8c                z_impl_log_panic
 .text.log_process_thread_func
                0x0000000008007dd0       0x9c zephyr/libzephyr.a(log_core.c.obj)
 .text.z_log_msg_post_finalize
                0x0000000008007e6c       0x78 zephyr/libzephyr.a(log_core.c.obj)
 .text.z_log_msg_commit
                0x0000000008007ee4       0x24 zephyr/libzephyr.a(log_core.c.obj)
                0x0000000008007ee4                z_log_msg_commit
 .text.log_mem_get_usage
                0x0000000008007f08       0x14 zephyr/libzephyr.a(log_core.c.obj)
                0x0000000008007f08                log_mem_get_usage
 .text.log_mem_get_max_usage
                0x0000000008007f1c        0xc zephyr/libzephyr.a(log_core.c.obj)
                0x0000000008007f1c                log_mem_get_max_usage
 .text.log_src_cnt_get
                0x0000000008007f28       0x14 zephyr/libzephyr.a(log_mgmt.c.obj)
                0x0000000008007f28                log_src_cnt_get
 .text.log_source_name_get
                0x0000000008007f3c       0x1c zephyr/libzephyr.a(log_mgmt.c.obj)
                0x0000000008007f3c                log_source_name_get
 .text.z_log_runtime_filters_init
                0x0000000008007f58       0x3c zephyr/libzephyr.a(log_mgmt.c.obj)
                0x0000000008007f58                z_log_runtime_filters_init
 .text.log_source_id_get
                0x0000000008007f94       0x34 zephyr/libzephyr.a(log_mgmt.c.obj)
                0x0000000008007f94                log_source_id_get
 .text.z_impl_log_filter_set
                0x0000000008007fc8       0xac zephyr/libzephyr.a(log_mgmt.c.obj)
                0x0000000008007fc8                z_impl_log_filter_set
 .text.log_backend_enable
                0x0000000008008074       0x5c zephyr/libzephyr.a(log_mgmt.c.obj)
                0x0000000008008074                log_backend_enable
 .text.log_backend_disable
                0x00000000080080d0       0x3c zephyr/libzephyr.a(log_mgmt.c.obj)
                0x00000000080080d0                log_backend_disable
 .text.log_filter_get
                0x000000000800810c       0x44 zephyr/libzephyr.a(log_mgmt.c.obj)
                0x000000000800810c                log_filter_get
 .text.z_impl_z_log_msg_static_create
                0x0000000008008150       0xa8 zephyr/libzephyr.a(log_msg.c.obj)
                0x0000000008008150                z_impl_z_log_msg_static_create
 .text.print_formatted
                0x00000000080081f8       0x24 zephyr/libzephyr.a(log_output.c.obj)
 .text.newline_print
                0x000000000800821c       0x1c zephyr/libzephyr.a(log_output.c.obj)
 .text.log_output_process
                0x0000000008008238      0x2a8 zephyr/libzephyr.a(log_output.c.obj)
                0x0000000008008238                log_output_process
 .text.log_output_msg_process
                0x00000000080084e0       0x6c zephyr/libzephyr.a(log_output.c.obj)
                0x00000000080084e0                log_output_msg_process
 .text.log_output_dropped_process
                0x000000000800854c       0x58 zephyr/libzephyr.a(log_output.c.obj)
                0x000000000800854c                log_output_dropped_process
 .text.log_output_timestamp_freq_set
                0x00000000080085a4       0x2c zephyr/libzephyr.a(log_output.c.obj)
                0x00000000080085a4                log_output_timestamp_freq_set
 .text.severity_lvl_get
                0x00000000080085d0       0x24 zephyr/libzephyr.a(log_cmds.c.obj)
 .text.backend_name_get
                0x00000000080085f4       0x28 zephyr/libzephyr.a(log_cmds.c.obj)
 .text.module_name_get
                0x000000000800861c       0x20 zephyr/libzephyr.a(log_cmds.c.obj)
 .text.cmd_log_backends_list
                0x000000000800863c       0x54 zephyr/libzephyr.a(log_cmds.c.obj)
 .text.log_status
                0x0000000008008690       0xa8 zephyr/libzephyr.a(log_cmds.c.obj)
 .text.shell_backend_cmd_execute
                0x0000000008008738       0x64 zephyr/libzephyr.a(log_cmds.c.obj)
 .text.cmd_log_backend_status
                0x000000000800879c       0x10 zephyr/libzephyr.a(log_cmds.c.obj)
 .text.cmd_log_backend_halt
                0x00000000080087ac        0xc zephyr/libzephyr.a(log_cmds.c.obj)
 .text.cmd_log_backend_go
                0x00000000080087b8        0xc zephyr/libzephyr.a(log_cmds.c.obj)
 .text.cmd_log_backend_enable
                0x00000000080087c4        0xc zephyr/libzephyr.a(log_cmds.c.obj)
 .text.cmd_log_backend_disable
                0x00000000080087d0        0xc zephyr/libzephyr.a(log_cmds.c.obj)
 .text.cmd_log_mem
                0x00000000080087dc       0x7c zephyr/libzephyr.a(log_cmds.c.obj)
 .text.shell_state_precheck
                0x0000000008008858       0x20 zephyr/libzephyr.a(log_cmds.c.obj)
 .text.filters_set
                0x0000000008008878       0xdc zephyr/libzephyr.a(log_cmds.c.obj)
 .text.log_enable
                0x0000000008008954       0x60 zephyr/libzephyr.a(log_cmds.c.obj)
 .text.cmd_kernel_version
                0x00000000080089b4       0x2c zephyr/libzephyr.a(kernel_service.c.obj)
 .text.cmd_kernel_uptime
                0x00000000080089e0       0x24 zephyr/libzephyr.a(kernel_service.c.obj)
 .text.cmd_kernel_threads
                0x0000000008008a04       0x38 zephyr/libzephyr.a(kernel_service.c.obj)
 .text.shell_tdata_dump
                0x0000000008008a3c       0xc8 zephyr/libzephyr.a(kernel_service.c.obj)
 .text.cmd_kernel_stacks
                0x0000000008008b04       0x98 zephyr/libzephyr.a(kernel_service.c.obj)
 .text.cmd_kernel_cycles
                0x0000000008008b9c       0x1c zephyr/libzephyr.a(kernel_service.c.obj)
 .text.cmd_kernel_log_level_set
                0x0000000008008bb8       0x80 zephyr/libzephyr.a(kernel_service.c.obj)
 .text.cmd_kernel_sleep
                0x0000000008008c38       0x40 zephyr/libzephyr.a(kernel_service.c.obj)
 .text.shell_stack_dump
                0x0000000008008c78       0x64 zephyr/libzephyr.a(kernel_service.c.obj)
 .text.get_device_name
                0x0000000008008cdc       0x20 zephyr/libzephyr.a(device_service.c.obj)
 .text.cmd_device_list_visitor
                0x0000000008008cfc       0x20 zephyr/libzephyr.a(device_service.c.obj)
 .text.cmd_device_list
                0x0000000008008d1c       0x98 zephyr/libzephyr.a(device_service.c.obj)
 .text.device_get_config_level
                0x0000000008008db4       0x54 zephyr/libzephyr.a(device_service.c.obj)
 .text.cmd_device_levels
                0x0000000008008e08       0xb4 zephyr/libzephyr.a(device_service.c.obj)
 .text.cmd_devmem
                0x0000000008008ebc       0xcc zephyr/libzephyr.a(devmem_service.c.obj)
 .text.set_bypass.isra.0
                0x0000000008008f88       0x50 zephyr/libzephyr.a(devmem_service.c.obj)
 .text.bypass_cb
                0x0000000008008fd8      0x118 zephyr/libzephyr.a(devmem_service.c.obj)
 .text.cmd_load
                0x00000000080090f0       0xd8 zephyr/libzephyr.a(devmem_service.c.obj)
 .text.enable_shell_uart
                0x00000000080091c8       0x38 zephyr/libzephyr.a(shell_uart.c.obj)
 .text.init     0x0000000008009200       0x58 zephyr/libzephyr.a(shell_uart.c.obj)
 .text.uart_callback
                0x0000000008009258      0x10c zephyr/libzephyr.a(shell_uart.c.obj)
 .text.shell_internal_help_print
                0x0000000008009364       0x20 zephyr/libzephyr.a(shell.c.obj)
 .text.z_cursor_next_line_move.isra.0
                0x0000000008009384        0xc zephyr/libzephyr.a(shell.c.obj)
 .text.history_handle
                0x0000000008009390       0xa8 zephyr/libzephyr.a(shell.c.obj)
 .text.state_set.constprop.0
                0x0000000008009438       0x54 zephyr/libzephyr.a(shell.c.obj)
 .text.execute  0x000000000800948c      0x2cc zephyr/libzephyr.a(shell.c.obj)
 .text.shell_process
                0x0000000008009758      0x6c0 zephyr/libzephyr.a(shell.c.obj)
                0x0000000008009758                shell_process
 .text.shell_init
                0x0000000008009e18       0xf4 zephyr/libzephyr.a(shell.c.obj)
                0x0000000008009e18                shell_init
 .text.shell_start
                0x0000000008009f0c       0x54 zephyr/libzephyr.a(shell.c.obj)
                0x0000000008009f0c                shell_start
 .text.shell_thread
                0x0000000008009f60       0xc8 zephyr/libzephyr.a(shell.c.obj)
                0x0000000008009f60                shell_thread
 .text.cmd_help
                0x000000000800a028       0x4c zephyr/libzephyr.a(shell.c.obj)
 .text.shell_hexdump_line
                0x000000000800a074       0xe8 zephyr/libzephyr.a(shell.c.obj)
                0x000000000800a074                shell_hexdump_line
 .text.z_shell_fprintf_fmt
                0x000000000800a15c       0x30 zephyr/libzephyr.a(shell_fprintf.c.obj)
                0x000000000800a15c                z_shell_fprintf_fmt
 .text.z_shell_make_argv
                0x000000000800a18c      0x1b8 zephyr/libzephyr.a(shell_utils.c.obj)
                0x000000000800a18c                z_shell_make_argv
 .text.z_shell_cmd_get
                0x000000000800a344       0x74 zephyr/libzephyr.a(shell_utils.c.obj)
                0x000000000800a344                z_shell_cmd_get
 .text.z_shell_spaces_trim
                0x000000000800a3b8       0x6c zephyr/libzephyr.a(shell_utils.c.obj)
                0x000000000800a3b8                z_shell_spaces_trim
 .text.z_shell_cmd_trim
                0x000000000800a424       0x70 zephyr/libzephyr.a(shell_utils.c.obj)
                0x000000000800a424                z_shell_cmd_trim
 .text.z_clear_eos
                0x000000000800a494       0x18 zephyr/libzephyr.a(shell_ops.c.obj)
 .text.z_cursor_next_line_move.isra.0
                0x000000000800a4ac        0xc zephyr/libzephyr.a(shell_ops.c.obj)
 .text.z_shell_op_cursor_vert_move
                0x000000000800a4b8       0x2c zephyr/libzephyr.a(shell_ops.c.obj)
                0x000000000800a4b8                z_shell_op_cursor_vert_move
 .text.z_shell_op_cursor_horiz_move
                0x000000000800a4e4       0x2c zephyr/libzephyr.a(shell_ops.c.obj)
                0x000000000800a4e4                z_shell_op_cursor_horiz_move
 .text.z_shell_op_cursor_word_move
                0x000000000800a510       0x78 zephyr/libzephyr.a(shell_ops.c.obj)
                0x000000000800a510                z_shell_op_cursor_word_move
 .text.z_shell_print_cmd
                0x000000000800a588       0x10 zephyr/libzephyr.a(shell_ops.c.obj)
                0x000000000800a588                z_shell_print_cmd
 .text.z_shell_vt100_color_set
                0x000000000800a598       0x40 zephyr/libzephyr.a(shell_ops.c.obj)
                0x000000000800a598                z_shell_vt100_color_set
 .text.z_shell_vt100_colors_restore
                0x000000000800a5d8       0x3c zephyr/libzephyr.a(shell_ops.c.obj)
                0x000000000800a5d8                z_shell_vt100_colors_restore
 .text.z_shell_op_word_remove
                0x000000000800a614       0xc0 zephyr/libzephyr.a(shell_ops.c.obj)
                0x000000000800a614                z_shell_op_word_remove
 .text.reprint_from_cursor
                0x000000000800a6d4       0x74 zephyr/libzephyr.a(shell_ops.c.obj)
 .text.z_shell_op_char_insert
                0x000000000800a748       0x6c zephyr/libzephyr.a(shell_ops.c.obj)
                0x000000000800a748                z_shell_op_char_insert
 .text.z_shell_print_prompt_and_cmd
                0x000000000800a7b4       0x30 zephyr/libzephyr.a(shell_ops.c.obj)
                0x000000000800a7b4                z_shell_print_prompt_and_cmd
 .text.z_cursor_next_line_move.isra.0
                0x000000000800a7e4        0xc zephyr/libzephyr.a(shell_help.c.obj)
 .text.formatted_text_print.constprop.0
                0x000000000800a7f0       0xe4 zephyr/libzephyr.a(shell_help.c.obj)
 .text.z_shell_help_subcmd_print
                0x000000000800a8d4       0xe0 zephyr/libzephyr.a(shell_help.c.obj)
                0x000000000800a8d4                z_shell_help_subcmd_print
 .text.z_shell_help_cmd_print
                0x000000000800a9b4       0x48 zephyr/libzephyr.a(shell_help.c.obj)
                0x000000000800a9b4                z_shell_help_cmd_print
 .text.z_shell_help_request
                0x000000000800a9fc       0x28 zephyr/libzephyr.a(shell_help.c.obj)
                0x000000000800a9fc                z_shell_help_request
 .text.cmd_resize_default
                0x000000000800aa24       0x2c zephyr/libzephyr.a(shell_cmds.c.obj)
 .text.cmd_shell_stats_show
                0x000000000800aa50       0x18 zephyr/libzephyr.a(shell_cmds.c.obj)
 .text.cmd_backends
                0x000000000800aa68       0x50 zephyr/libzephyr.a(shell_cmds.c.obj)
 .text.cmd_history
                0x000000000800aab8       0x44 zephyr/libzephyr.a(shell_cmds.c.obj)
 .text.cmd_echo
                0x000000000800aafc       0x58 zephyr/libzephyr.a(shell_cmds.c.obj)
 .text.cmd_clear
                0x000000000800ab54       0x34 zephyr/libzephyr.a(shell_cmds.c.obj)
 .text.cmd_resize
                0x000000000800ab88      0x1a8 zephyr/libzephyr.a(shell_cmds.c.obj)
 .text.z_shell_wildcard_process
                0x000000000800ad30       0xe4 zephyr/libzephyr.a(shell_wildcard.c.obj)
                0x000000000800ad30                z_shell_wildcard_process
 .text.z_arm_cpu_idle_init
                0x000000000800ae14        0xc zephyr/arch/arch/arm/core/aarch32/libarch__arm__core__aarch32.a(cpu_idle.S.obj)
                0x000000000800ae14                z_arm_cpu_idle_init
 .text.arch_cpu_idle
                0x000000000800ae20       0x1c zephyr/arch/arch/arm/core/aarch32/libarch__arm__core__aarch32.a(cpu_idle.S.obj)
                0x000000000800ae20                arch_cpu_idle
 .text.z_arm_fatal_error
                0x000000000800ae3c      0x194 zephyr/arch/arch/arm/core/aarch32/libarch__arm__core__aarch32.a(fatal.c.obj)
                0x000000000800ae3c                z_arm_fatal_error
 .text.arch_irq_enable
                0x000000000800afd0       0x1c zephyr/arch/arch/arm/core/aarch32/libarch__arm__core__aarch32.a(irq_manage.c.obj)
                0x000000000800afd0                arch_irq_enable
 .text.z_arm_irq_priority_set
                0x000000000800afec       0x30 zephyr/arch/arch/arm/core/aarch32/libarch__arm__core__aarch32.a(irq_manage.c.obj)
                0x000000000800afec                z_arm_irq_priority_set
 .text.z_SysNmiOnReset
                0x000000000800b01c        0x8 zephyr/arch/arch/arm/core/aarch32/libarch__arm__core__aarch32.a(nmi_on_reset.S.obj)
                0x000000000800b01c                z_SysNmiOnReset
 .text.z_arm_prep_c
                0x000000000800b024       0x5c zephyr/arch/arch/arm/core/aarch32/libarch__arm__core__aarch32.a(prep_c.c.obj)
                0x000000000800b024                z_arm_prep_c
 .text.arch_swap
                0x000000000800b080       0x38 zephyr/arch/arch/arm/core/aarch32/libarch__arm__core__aarch32.a(swap.c.obj)
                0x000000000800b080                arch_swap
 .text.z_arm_pendsv
                0x000000000800b0b8       0x94 zephyr/arch/arch/arm/core/aarch32/libarch__arm__core__aarch32.a(swap_helper.S.obj)
                0x000000000800b0b8                z_arm_pendsv
 .text.z_arm_svc
                0x000000000800b14c       0x20 zephyr/arch/arch/arm/core/aarch32/libarch__arm__core__aarch32.a(swap_helper.S.obj)
                0x000000000800b14c                z_arm_svc
 .text.arch_new_thread
                0x000000000800b16c       0x68 zephyr/arch/arch/arm/core/aarch32/libarch__arm__core__aarch32.a(thread.c.obj)
                0x000000000800b16c                arch_new_thread
 .text.z_arm_mpu_stack_guard_and_fpu_adjust
                0x000000000800b1d4       0x80 zephyr/arch/arch/arm/core/aarch32/libarch__arm__core__aarch32.a(thread.c.obj)
                0x000000000800b1d4                z_arm_mpu_stack_guard_and_fpu_adjust
 .text.z_check_thread_stack_fail
                0x000000000800b254       0x3c zephyr/arch/arch/arm/core/aarch32/libarch__arm__core__aarch32.a(thread.c.obj)
                0x000000000800b254                z_check_thread_stack_fail
 .text.arch_switch_to_main_thread
                0x000000000800b290       0x48 zephyr/arch/arch/arm/core/aarch32/libarch__arm__core__aarch32.a(thread.c.obj)
                0x000000000800b290                arch_switch_to_main_thread
 .text._isr_wrapper
                0x000000000800b2d8       0x28 zephyr/arch/arch/arm/core/aarch32/libarch__arm__core__aarch32.a(isr_wrapper.S.obj)
                0x000000000800b2d8                _isr_wrapper
 .text._HandlerModeExit
                0x000000000800b300       0x1c zephyr/arch/arch/arm/core/aarch32/cortex_m/libarch__arm__core__aarch32__cortex_m.a(exc_exit.S.obj)
                0x000000000800b300                z_arm_exc_exit
                0x000000000800b300                z_arm_int_exit
 .text.bus_fault.constprop.0
                0x000000000800b31c      0x168 zephyr/arch/arch/arm/core/aarch32/cortex_m/libarch__arm__core__aarch32__cortex_m.a(fault.c.obj)
 .text.usage_fault.constprop.0
                0x000000000800b484      0x124 zephyr/arch/arch/arm/core/aarch32/cortex_m/libarch__arm__core__aarch32__cortex_m.a(fault.c.obj)
 .text.mem_manage_fault
                0x000000000800b5a8      0x198 zephyr/arch/arch/arm/core/aarch32/cortex_m/libarch__arm__core__aarch32__cortex_m.a(fault.c.obj)
 .text.z_arm_fault
                0x000000000800b740      0x25c zephyr/arch/arch/arm/core/aarch32/cortex_m/libarch__arm__core__aarch32__cortex_m.a(fault.c.obj)
                0x000000000800b740                z_arm_fault
 .text.z_arm_fault_init
                0x000000000800b99c       0x10 zephyr/arch/arch/arm/core/aarch32/cortex_m/libarch__arm__core__aarch32__cortex_m.a(fault.c.obj)
                0x000000000800b99c                z_arm_fault_init
 .text.__fault  0x000000000800b9ac       0x14 zephyr/arch/arch/arm/core/aarch32/cortex_m/libarch__arm__core__aarch32__cortex_m.a(fault_s.S.obj)
                0x000000000800b9ac                z_arm_bus_fault
                0x000000000800b9ac                z_arm_usage_fault
                0x000000000800b9ac                z_arm_mpu_fault
                0x000000000800b9ac                z_arm_exc_spurious
                0x000000000800b9ac                z_arm_debug_monitor
                0x000000000800b9ac                z_arm_hard_fault
 .text.z_arm_interrupt_init
                0x000000000800b9c0       0x18 zephyr/arch/arch/arm/core/aarch32/cortex_m/libarch__arm__core__aarch32__cortex_m.a(irq_init.c.obj)
                0x000000000800b9c0                z_arm_interrupt_init
 .text._reset_section
                0x000000000800b9d8       0x38 zephyr/arch/arch/arm/core/aarch32/cortex_m/libarch__arm__core__aarch32__cortex_m.a(reset.S.obj)
                0x000000000800b9d8                z_arm_reset
                0x000000000800b9d8                __start
 .text.z_impl_k_thread_abort
                0x000000000800ba10       0x2c zephyr/arch/arch/arm/core/aarch32/cortex_m/libarch__arm__core__aarch32__cortex_m.a(thread_abort.c.obj)
                0x000000000800ba10                z_impl_k_thread_abort
 .text.z_arm_configure_static_mpu_regions
                0x000000000800ba3c       0x18 zephyr/arch/arch/arm/core/aarch32/mpu/libarch__arm__core__aarch32__mpu.a(arm_core_mpu.c.obj)
                0x000000000800ba3c                z_arm_configure_static_mpu_regions
 .text.z_arm_configure_dynamic_mpu_regions
                0x000000000800ba54       0x2c zephyr/arch/arch/arm/core/aarch32/mpu/libarch__arm__core__aarch32__mpu.a(arm_core_mpu.c.obj)
                0x000000000800ba54                z_arm_configure_dynamic_mpu_regions
 .text.mpu_configure_regions
                0x000000000800ba80       0xdc zephyr/arch/arch/arm/core/aarch32/mpu/libarch__arm__core__aarch32__mpu.a(arm_mpu.c.obj)
 .text.arm_core_mpu_enable
                0x000000000800bb5c       0x18 zephyr/arch/arch/arm/core/aarch32/mpu/libarch__arm__core__aarch32__mpu.a(arm_mpu.c.obj)
                0x000000000800bb5c                arm_core_mpu_enable
 .text.arm_core_mpu_disable
                0x000000000800bb74       0x14 zephyr/arch/arch/arm/core/aarch32/mpu/libarch__arm__core__aarch32__mpu.a(arm_mpu.c.obj)
                0x000000000800bb74                arm_core_mpu_disable
 .text.arm_core_mpu_configure_static_mpu_regions
                0x000000000800bb88       0x14 zephyr/arch/arch/arm/core/aarch32/mpu/libarch__arm__core__aarch32__mpu.a(arm_mpu.c.obj)
                0x000000000800bb88                arm_core_mpu_configure_static_mpu_regions
 .text.arm_core_mpu_configure_dynamic_mpu_regions
                0x000000000800bb9c       0x30 zephyr/arch/arch/arm/core/aarch32/mpu/libarch__arm__core__aarch32__mpu.a(arm_mpu.c.obj)
                0x000000000800bb9c                arm_core_mpu_configure_dynamic_mpu_regions
 .text.z_arm_mpu_init
                0x000000000800bbcc       0x60 zephyr/arch/arch/arm/core/aarch32/mpu/libarch__arm__core__aarch32__mpu.a(arm_mpu.c.obj)
                0x000000000800bbcc                z_arm_mpu_init
 .text.__stdout_hook_install
                0x000000000800bc2c        0xc zephyr/lib/libc/newlib/liblib__libc__newlib.a(libc-hooks.c.obj)
                0x000000000800bc2c                __stdout_hook_install
 .text.z_impl_zephyr_read_stdin
                0x000000000800bc38       0x28 zephyr/lib/libc/newlib/liblib__libc__newlib.a(libc-hooks.c.obj)
                0x000000000800bc38                z_impl_zephyr_read_stdin
 .text.z_impl_zephyr_write_stdout
                0x000000000800bc60       0x30 zephyr/lib/libc/newlib/liblib__libc__newlib.a(libc-hooks.c.obj)
                0x000000000800bc60                z_impl_zephyr_write_stdout
 .text._exit    0x000000000800bc90       0x10 zephyr/lib/libc/newlib/liblib__libc__newlib.a(libc-hooks.c.obj)
                0x000000000800bc90                _exit
 .text._sbrk    0x000000000800bca0       0x28 zephyr/lib/libc/newlib/liblib__libc__newlib.a(libc-hooks.c.obj)
                0x000000000800bca0                _sbrk
                0x000000000800bca0                sbrk
 .text.__chk_fail
                0x000000000800bcc8       0x1c zephyr/lib/libc/newlib/liblib__libc__newlib.a(libc-hooks.c.obj)
                0x000000000800bcc8                __chk_fail
 .text.__stm32_exti_isr.isra.0
                0x000000000800bce4       0x40 zephyr/drivers/interrupt_controller/libdrivers__interrupt_controller.a(intc_exti_stm32.c.obj)
 .text.stm32_exti_enable
                0x000000000800bd24       0x1c zephyr/drivers/interrupt_controller/libdrivers__interrupt_controller.a(intc_exti_stm32.c.obj)
                0x000000000800bd24                stm32_exti_enable
 .text.stm32_exti_disable
                0x000000000800bd40       0x18 zephyr/drivers/interrupt_controller/libdrivers__interrupt_controller.a(intc_exti_stm32.c.obj)
                0x000000000800bd40                stm32_exti_disable
 .text.stm32_exti_trigger
                0x000000000800bd58       0x60 zephyr/drivers/interrupt_controller/libdrivers__interrupt_controller.a(intc_exti_stm32.c.obj)
                0x000000000800bd58                stm32_exti_trigger
 .text.stm32_exti_set_callback
                0x000000000800bdb8       0x24 zephyr/drivers/interrupt_controller/libdrivers__interrupt_controller.a(intc_exti_stm32.c.obj)
                0x000000000800bdb8                stm32_exti_set_callback
 .text.stm32_exti_unset_callback
                0x000000000800bddc       0x14 zephyr/drivers/interrupt_controller/libdrivers__interrupt_controller.a(intc_exti_stm32.c.obj)
                0x000000000800bddc                stm32_exti_unset_callback
 .text.LL_RCC_HSI_IsReady
                0x000000000800bdf0       0x10 zephyr/drivers/clock_control/libdrivers__clock_control.a(clock_stm32_ll_common.c.obj)
 .text.stm32_clock_control_get_subsys_rate
                0x000000000800be00       0x8c zephyr/drivers/clock_control/libdrivers__clock_control.a(clock_stm32_ll_common.c.obj)
 .text.stm32_clock_control_init
                0x000000000800be8c      0x13c zephyr/drivers/clock_control/libdrivers__clock_control.a(clock_stm32_ll_common.c.obj)
                0x000000000800be8c                stm32_clock_control_init
 .text.get_pllsrc_frequency
                0x000000000800bfc8        0x8 zephyr/drivers/clock_control/libdrivers__clock_control.a(clock_stm32l4_l5_wb_wl.c.obj)
                0x000000000800bfc8                get_pllsrc_frequency
 .text.config_pll_sysclock
                0x000000000800bfd0       0x24 zephyr/drivers/clock_control/libdrivers__clock_control.a(clock_stm32l4_l5_wb_wl.c.obj)
                0x000000000800bfd0                config_pll_sysclock
 .text.config_enable_default_clocks
                0x000000000800bff4       0x20 zephyr/drivers/clock_control/libdrivers__clock_control.a(clock_stm32l4_l5_wb_wl.c.obj)
                0x000000000800bff4                config_enable_default_clocks
 .text.uart_console_init
                0x000000000800c014       0x28 zephyr/drivers/console/libdrivers__console.a(uart_console.c.obj)
 .text.console_out
                0x000000000800c03c       0x28 zephyr/drivers/console/libdrivers__console.a(uart_console.c.obj)
 .text.gpio_stm32_init
                0x000000000800c064       0x3c zephyr/drivers/gpio/libdrivers__gpio.a(gpio_stm32.c.obj)
 .text.gpio_stm32_pin_interrupt_configure
                0x000000000800c0a0      0x104 zephyr/drivers/gpio/libdrivers__gpio.a(gpio_stm32.c.obj)
 .text.cmd_i2c_speed
                0x000000000800c1a4       0x90 zephyr/drivers/i2c/libdrivers__i2c.a(i2c_shell.c.obj)
 .text.i2c_read_to_buffer
                0x000000000800c234       0xa0 zephyr/drivers/i2c/libdrivers__i2c.a(i2c_shell.c.obj)
 .text.cmd_i2c_read_byte
                0x000000000800c2d4       0x38 zephyr/drivers/i2c/libdrivers__i2c.a(i2c_shell.c.obj)
 .text.i2c_write_from_buffer
                0x000000000800c30c       0xd8 zephyr/drivers/i2c/libdrivers__i2c.a(i2c_shell.c.obj)
 .text.cmd_i2c_scan
                0x000000000800c3e4       0xe4 zephyr/drivers/i2c/libdrivers__i2c.a(i2c_shell.c.obj)
 .text.cmd_i2c_recover
                0x000000000800c4c8       0x4c zephyr/drivers/i2c/libdrivers__i2c.a(i2c_shell.c.obj)
 .text.msg_init
                0x000000000800c514       0x9c zephyr/drivers/i2c/libdrivers__i2c.a(i2c_ll_stm32_v2.c.obj)
 .text.stm32_i2c_configure_timing
                0x000000000800c5b0      0x15c zephyr/drivers/i2c/libdrivers__i2c.a(i2c_ll_stm32_v2.c.obj)
                0x000000000800c5b0                stm32_i2c_configure_timing
 .text.i2c_stm32_runtime_configure
                0x000000000800c70c       0x8c zephyr/drivers/i2c/libdrivers__i2c.a(i2c_ll_stm32.c.obj)
                0x000000000800c70c                i2c_stm32_runtime_configure
 .text.i2c_stm32_init
                0x000000000800c798      0x198 zephyr/drivers/i2c/libdrivers__i2c.a(i2c_ll_stm32.c.obj)
 .text.led_gpio_init
                0x000000000800c930      0x134 zephyr/drivers/led/libdrivers__led.a(led_gpio.c.obj)
 .text.parse_common_args
                0x000000000800ca64       0x58 zephyr/drivers/led/libdrivers__led.a(led_shell.c.obj)
 .text.cmd_set_channel
                0x000000000800cabc       0x9c zephyr/drivers/led/libdrivers__led.a(led_shell.c.obj)
 .text.cmd_set_color
                0x000000000800cb58      0x110 zephyr/drivers/led/libdrivers__led.a(led_shell.c.obj)
 .text.cmd_set_brightness
                0x000000000800cc68       0x94 zephyr/drivers/led/libdrivers__led.a(led_shell.c.obj)
 .text.cmd_get_info
                0x000000000800ccfc       0xe8 zephyr/drivers/led/libdrivers__led.a(led_shell.c.obj)
 .text.cmd_on   0x000000000800cde4       0x4c zephyr/drivers/led/libdrivers__led.a(led_shell.c.obj)
 .text.cmd_off  0x000000000800ce30       0x4c zephyr/drivers/led/libdrivers__led.a(led_shell.c.obj)
 .text.cmd_write_channels
                0x000000000800ce7c      0x110 zephyr/drivers/led/libdrivers__led.a(led_shell.c.obj)
 .text.hts221_channel_get
                0x000000000800cf8c       0x90 zephyr/drivers/sensor/hts221/libdrivers__sensor__hts221.a(hts221.c.obj)
 .text.hts221_sample_fetch
                0x000000000800d01c       0x50 zephyr/drivers/sensor/hts221/libdrivers__sensor__hts221.a(hts221.c.obj)
 .text.hts221_init
                0x000000000800d06c      0x1f0 zephyr/drivers/sensor/hts221/libdrivers__sensor__hts221.a(hts221.c.obj)
                0x000000000800d06c                hts221_init
 .text.lis3mdl_init
                0x000000000800d25c      0x154 zephyr/drivers/sensor/lis3mdl/libdrivers__sensor__lis3mdl.a(lis3mdl.c.obj)
                0x000000000800d25c                lis3mdl_init
 .text.lis3mdl_channel_get
                0x000000000800d3b0      0x138 zephyr/drivers/sensor/lis3mdl/libdrivers__sensor__lis3mdl.a(lis3mdl.c.obj)
 .text.lps22hb_channel_get
                0x000000000800d4e8       0x54 zephyr/drivers/sensor/lps22hb/libdrivers__sensor__lps22hb.a(lps22hb.c.obj)
 .text.lps22hb_init.part.0
                0x000000000800d53c       0x30 zephyr/drivers/sensor/lps22hb/libdrivers__sensor__lps22hb.a(lps22hb.c.obj)
 .text.lsm6dsl_accel_set_odr_raw
                0x000000000800d56c       0x38 zephyr/drivers/sensor/lsm6dsl/libdrivers__sensor__lsm6dsl.a(lsm6dsl.c.obj)
 .text.lsm6dsl_attr_set.part.0
                0x000000000800d5a4       0x34 zephyr/drivers/sensor/lsm6dsl/libdrivers__sensor__lsm6dsl.a(lsm6dsl.c.obj)
 .text.lsm6dsl_init
                0x000000000800d5d8      0x144 zephyr/drivers/sensor/lsm6dsl/libdrivers__sensor__lsm6dsl.a(lsm6dsl.c.obj)
 .text.lsm6dsl_i2c_init
                0x000000000800d71c       0x20 zephyr/drivers/sensor/lsm6dsl/libdrivers__sensor__lsm6dsl.a(lsm6dsl_i2c.c.obj)
                0x000000000800d71c                lsm6dsl_i2c_init
 .text.lsm6dsl_trigger_set
                0x000000000800d73c       0x9c zephyr/drivers/sensor/lsm6dsl/libdrivers__sensor__lsm6dsl.a(lsm6dsl_trigger.c.obj)
                0x000000000800d73c                lsm6dsl_trigger_set
 .text.lsm6dsl_init_interrupt
                0x000000000800d7d8       0xf8 zephyr/drivers/sensor/lsm6dsl/libdrivers__sensor__lsm6dsl.a(lsm6dsl_trigger.c.obj)
                0x000000000800d7d8                lsm6dsl_init_interrupt
 .text.vl53l0x_start
                0x000000000800d8d0      0x358 zephyr/drivers/sensor/vl53l0x/libdrivers__sensor__vl53l0x.a(vl53l0x.c.obj)
 .text.vl53l0x_sample_fetch
                0x000000000800dc28       0x6c zephyr/drivers/sensor/vl53l0x/libdrivers__sensor__vl53l0x.a(vl53l0x.c.obj)
 .text.vl53l0x_init
                0x000000000800dc94       0xd0 zephyr/drivers/sensor/vl53l0x/libdrivers__sensor__vl53l0x.a(vl53l0x.c.obj)
 .text.VL53L0X_WrByte.part.0
                0x000000000800dd64       0x40 zephyr/drivers/sensor/vl53l0x/libdrivers__sensor__vl53l0x.a(vl53l0x_platform.c.obj)
 .text.VL53L0X_RdByte.part.0
                0x000000000800dda4       0x40 zephyr/drivers/sensor/vl53l0x/libdrivers__sensor__vl53l0x.a(vl53l0x_platform.c.obj)
 .text.VL53L0X_WriteMulti
                0x000000000800dde4       0x70 zephyr/drivers/sensor/vl53l0x/libdrivers__sensor__vl53l0x.a(vl53l0x_platform.c.obj)
                0x000000000800dde4                VL53L0X_WriteMulti
 .text.VL53L0X_ReadMulti
                0x000000000800de54       0x50 zephyr/drivers/sensor/vl53l0x/libdrivers__sensor__vl53l0x.a(vl53l0x_platform.c.obj)
                0x000000000800de54                VL53L0X_ReadMulti
 .text.VL53L0X_WrWord
                0x000000000800dea4       0x64 zephyr/drivers/sensor/vl53l0x/libdrivers__sensor__vl53l0x.a(vl53l0x_platform.c.obj)
                0x000000000800dea4                VL53L0X_WrWord
 .text.VL53L0X_UpdateByte
                0x000000000800df08       0x70 zephyr/drivers/sensor/vl53l0x/libdrivers__sensor__vl53l0x.a(vl53l0x_platform.c.obj)
                0x000000000800df08                VL53L0X_UpdateByte
 .text.VL53L0X_RdWord
                0x000000000800df78       0x58 zephyr/drivers/sensor/vl53l0x/libdrivers__sensor__vl53l0x.a(vl53l0x_platform.c.obj)
                0x000000000800df78                VL53L0X_RdWord
 .text.VL53L0X_RdDWord
                0x000000000800dfd0       0x58 zephyr/drivers/sensor/vl53l0x/libdrivers__sensor__vl53l0x.a(vl53l0x_platform.c.obj)
                0x000000000800dfd0                VL53L0X_RdDWord
 .text.channel_name_get
                0x000000000800e028       0x34 zephyr/drivers/sensor/libdrivers__sensor.a(sensor_shell.c.obj)
 .text.device_name_get
                0x000000000800e05c       0x20 zephyr/drivers/sensor/libdrivers__sensor.a(sensor_shell.c.obj)
 .text.cmd_get_sensor
                0x000000000800e07c       0xa0 zephyr/drivers/sensor/libdrivers__sensor.a(sensor_shell.c.obj)
 .text.uart_stm32_irq_err_enable
                0x000000000800e11c       0x64 zephyr/drivers/serial/libdrivers__serial.a(uart_stm32.c.obj)
 .text.uart_stm32_irq_err_disable
                0x000000000800e180       0x64 zephyr/drivers/serial/libdrivers__serial.a(uart_stm32.c.obj)
 .text.uart_stm32_set_baudrate.part.0
                0x000000000800e1e4       0x2c zephyr/drivers/serial/libdrivers__serial.a(uart_stm32.c.obj)
 .text.uart_stm32_configure
                0x000000000800e210      0x1d8 zephyr/drivers/serial/libdrivers__serial.a(uart_stm32.c.obj)
 .text.uart_stm32_init
                0x000000000800e3e8      0x1a0 zephyr/drivers/serial/libdrivers__serial.a(uart_stm32.c.obj)
 .text.elapsed  0x000000000800e588       0x3c zephyr/drivers/timer/libdrivers__timer.a(cortex_m_systick.c.obj)
 .text.sys_clock_driver_init
                0x000000000800e5c4       0x34 zephyr/drivers/timer/libdrivers__timer.a(cortex_m_systick.c.obj)
 .text.sys_clock_isr
                0x000000000800e5f8       0x44 zephyr/drivers/timer/libdrivers__timer.a(cortex_m_systick.c.obj)
                0x000000000800e5f8                sys_clock_isr
 .text.sys_clock_set_timeout
                0x000000000800e63c       0xe4 zephyr/drivers/timer/libdrivers__timer.a(cortex_m_systick.c.obj)
                0x000000000800e63c                sys_clock_set_timeout
 .text.sys_clock_elapsed
                0x000000000800e720       0x3c zephyr/drivers/timer/libdrivers__timer.a(cortex_m_systick.c.obj)
                0x000000000800e720                sys_clock_elapsed
 .text.sys_clock_cycle_get_32
                0x000000000800e75c       0x2c zephyr/drivers/timer/libdrivers__timer.a(cortex_m_systick.c.obj)
                0x000000000800e75c                sys_clock_cycle_get_32
 .text.pinctrl_configure_pins
                0x000000000800e788       0x8c zephyr/drivers/pinctrl/libdrivers__pinctrl.a(pinctrl_stm32.c.obj)
                0x000000000800e788                pinctrl_configure_pins
 .text.VL53L0X_SetDeviceMode
                0x000000000800e814       0x1c modules/st/lib..__modules__hal__st.a(vl53l0x_api.c.obj)
                0x000000000800e814                VL53L0X_SetDeviceMode
 .text.VL53L0X_DataInit
                0x000000000800e830      0x170 modules/st/lib..__modules__hal__st.a(vl53l0x_api.c.obj)
                0x000000000800e830                VL53L0X_DataInit
 .text.VL53L0X_GetInterruptThresholds
                0x000000000800e9a0       0x40 modules/st/lib..__modules__hal__st.a(vl53l0x_api.c.obj)
                0x000000000800e9a0                VL53L0X_GetInterruptThresholds
 .text.VL53L0X_CheckAndLoadInterruptSettings
                0x000000000800e9e0       0x84 modules/st/lib..__modules__hal__st.a(vl53l0x_api.c.obj)
                0x000000000800e9e0                VL53L0X_CheckAndLoadInterruptSettings
 .text.VL53L0X_StaticInit
                0x000000000800ea64      0x1a8 modules/st/lib..__modules__hal__st.a(vl53l0x_api.c.obj)
                0x000000000800ea64                VL53L0X_StaticInit
 .text.is_aperture
                0x000000000800ec0c       0x14 modules/st/lib..__modules__hal__st.a(vl53l0x_api_calibration.c.obj)
                0x000000000800ec0c                is_aperture
 .text.VL53L0X_calc_timeout_mclks
                0x000000000800ec20       0x28 modules/st/lib..__modules__hal__st.a(vl53l0x_api_core.c.obj)
                0x000000000800ec20                VL53L0X_calc_timeout_mclks
 .text.VL53L0X_calc_timeout_us
                0x000000000800ec48       0x20 modules/st/lib..__modules__hal__st.a(vl53l0x_api_core.c.obj)
                0x000000000800ec48                VL53L0X_calc_timeout_us
 .text.VL53L0X_calc_dmax
                0x000000000800ec68       0xdc modules/st/lib..__modules__hal__st.a(vl53l0x_api_core.c.obj)
                0x000000000800ec68                VL53L0X_calc_dmax
 .text.VL53L0X_calc_sigma_estimate
                0x000000000800ed44      0x224 modules/st/lib..__modules__hal__st.a(vl53l0x_api_core.c.obj)
                0x000000000800ed44                VL53L0X_calc_sigma_estimate
 .text.VL53L0X_get_device_info
                0x000000000800ef68       0xa0 modules/st/lib..__modules__hal__st.a(vl53l0x_api_strings.c.obj)
                0x000000000800ef68                VL53L0X_get_device_info
 .text.HAL_RCC_GetSysClockFreq
                0x000000000800f008       0x9c modules/stm32/stm32cube/lib..__modules__hal__stm32__stm32cube.a(stm32l4xx_hal_rcc.c.obj)
                0x000000000800f008                HAL_RCC_GetSysClockFreq
 .text.LL_SetFlashLatency
                0x000000000800f0a4       0xa8 modules/stm32/stm32cube/lib..__modules__hal__stm32__stm32cube.a(stm32l4xx_ll_utils.c.obj)
                0x000000000800f0a4                LL_SetFlashLatency
 .text.dm163_init
                0x000000000800f14c      0x1c0 modules/dm163_module/lib..__..__Documents__3ASE__SE302a__sory-ibrahima-barry__dm163_example__dm163_module__zephyr.a(dm163.c.obj)
 .text.device_visitor
                0x000000000800f30c       0x5c zephyr/kernel/libkernel.a(device.c.obj)
 .text.z_device_get_all_static
                0x000000000800f368       0x1c zephyr/kernel/libkernel.a(device.c.obj)
                0x000000000800f368                z_device_get_all_static
 .text.z_impl_device_get_binding
                0x000000000800f384       0x54 zephyr/kernel/libkernel.a(device.c.obj)
                0x000000000800f384                z_impl_device_get_binding
 .text.z_impl_z_errno
                0x000000000800f3d8        0xc zephyr/kernel/libkernel.a(errno.c.obj)
                0x000000000800f3d8                z_impl_z_errno
 .text.k_sys_fatal_error_handler
                0x000000000800f3e4       0x34 zephyr/kernel/libkernel.a(fatal.c.obj)
                0x000000000800f3e4                k_sys_fatal_error_handler
 .text.z_fatal_error
                0x000000000800f418      0x11c zephyr/kernel/libkernel.a(fatal.c.obj)
                0x000000000800f418                z_fatal_error
 .text.z_sys_init_run_level
                0x000000000800f534       0x44 zephyr/kernel/libkernel.a(init.c.obj)
 .text.bg_thread_main
                0x000000000800f578       0x34 zephyr/kernel/libkernel.a(init.c.obj)
 .text.z_bss_zero
                0x000000000800f5ac       0x18 zephyr/kernel/libkernel.a(init.c.obj)
                0x000000000800f5ac                z_bss_zero
 .text.z_init_cpu
                0x000000000800f5c4       0x78 zephyr/kernel/libkernel.a(init.c.obj)
                0x000000000800f5c4                z_init_cpu
 .text.z_cstart
                0x000000000800f63c       0xdc zephyr/kernel/libkernel.a(init.c.obj)
                0x000000000800f63c                z_cstart
 .text.k_thread_foreach
                0x000000000800f718       0x34 zephyr/kernel/libkernel.a(thread.c.obj)
                0x000000000800f718                k_thread_foreach
 .text.z_thread_monitor_exit
                0x000000000800f74c       0x3c zephyr/kernel/libkernel.a(thread.c.obj)
                0x000000000800f74c                z_thread_monitor_exit
 .text.z_impl_k_thread_name_set
                0x000000000800f788       0x20 zephyr/kernel/libkernel.a(thread.c.obj)
                0x000000000800f788                z_impl_k_thread_name_set
 .text.k_thread_state_str
                0x000000000800f7a8       0x9c zephyr/kernel/libkernel.a(thread.c.obj)
                0x000000000800f7a8                k_thread_state_str
 .text.z_setup_new_thread
                0x000000000800f844       0xcc zephyr/kernel/libkernel.a(thread.c.obj)
                0x000000000800f844                z_setup_new_thread
 .text.z_impl_k_thread_create
                0x000000000800f910       0x58 zephyr/kernel/libkernel.a(thread.c.obj)
                0x000000000800f910                z_impl_k_thread_create
 .text.z_init_static_threads
                0x000000000800f968       0x98 zephyr/kernel/libkernel.a(thread.c.obj)
                0x000000000800f968                z_init_static_threads
 .text.sys_kernel_version_get
                0x000000000800fa00        0x8 zephyr/kernel/libkernel.a(version.c.obj)
                0x000000000800fa00                sys_kernel_version_get
 .text.z_impl_k_mutex_lock
                0x000000000800fa08       0xf4 zephyr/kernel/libkernel.a(mutex.c.obj)
                0x000000000800fa08                z_impl_k_mutex_lock
 .text.z_impl_k_mutex_unlock
                0x000000000800fafc       0x7c zephyr/kernel/libkernel.a(mutex.c.obj)
                0x000000000800fafc                z_impl_k_mutex_unlock
 .text.z_impl_k_sem_give
                0x000000000800fb78       0x4c zephyr/kernel/libkernel.a(sem.c.obj)
                0x000000000800fb78                z_impl_k_sem_give
 .text.z_impl_k_sem_take
                0x000000000800fbc4       0x50 zephyr/kernel/libkernel.a(sem.c.obj)
                0x000000000800fbc4                z_impl_k_sem_take
 .text.submit_to_queue_locked
                0x000000000800fc14       0xb4 zephyr/kernel/libkernel.a(work.c.obj)
 .text.k_work_submit
                0x000000000800fcc8        0xc zephyr/kernel/libkernel.a(work.c.obj)
                0x000000000800fcc8                k_work_submit
 .text.k_work_queue_start
                0x000000000800fcd4       0x70 zephyr/kernel/libkernel.a(work.c.obj)
                0x000000000800fcd4                k_work_queue_start
 .text.z_reset_time_slice
                0x000000000800fd44       0x28 zephyr/kernel/libkernel.a(sched.c.obj)
                0x000000000800fd44                z_reset_time_slice
 .text.update_cache
                0x000000000800fd6c       0x3c zephyr/kernel/libkernel.a(sched.c.obj)
 .text.move_thread_to_end_of_prio_q
                0x000000000800fda8       0x74 zephyr/kernel/libkernel.a(sched.c.obj)
 .text.ready_thread
                0x000000000800fe1c       0x68 zephyr/kernel/libkernel.a(sched.c.obj)
 .text.unready_thread
                0x000000000800fe84       0x30 zephyr/kernel/libkernel.a(sched.c.obj)
 .text.pend_locked
                0x000000000800feb4       0x30 zephyr/kernel/libkernel.a(sched.c.obj)
 .text.k_sched_time_slice_set
                0x000000000800fee4       0x4c zephyr/kernel/libkernel.a(sched.c.obj)
                0x000000000800fee4                k_sched_time_slice_set
 .text.z_time_slice
                0x000000000800ff30       0x84 zephyr/kernel/libkernel.a(sched.c.obj)
                0x000000000800ff30                z_time_slice
 .text.z_pend_curr
                0x000000000800ffb4       0x3c zephyr/kernel/libkernel.a(sched.c.obj)
                0x000000000800ffb4                z_pend_curr
 .text.z_set_prio
                0x000000000800fff0       0x8c zephyr/kernel/libkernel.a(sched.c.obj)
                0x000000000800fff0                z_set_prio
 .text.z_reschedule
                0x000000000801007c       0x24 zephyr/kernel/libkernel.a(sched.c.obj)
                0x000000000801007c                z_reschedule
 .text.z_sched_start
                0x00000000080100a0       0x3c zephyr/kernel/libkernel.a(sched.c.obj)
                0x00000000080100a0                z_sched_start
 .text.z_impl_k_thread_suspend
                0x00000000080100dc       0x64 zephyr/kernel/libkernel.a(sched.c.obj)
                0x00000000080100dc                z_impl_k_thread_suspend
 .text.k_sched_lock
                0x0000000008010140       0x28 zephyr/kernel/libkernel.a(sched.c.obj)
                0x0000000008010140                k_sched_lock
 .text.k_sched_unlock
                0x0000000008010168       0x38 zephyr/kernel/libkernel.a(sched.c.obj)
                0x0000000008010168                k_sched_unlock
 .text.z_sched_init
                0x00000000080101a0       0x18 zephyr/kernel/libkernel.a(sched.c.obj)
                0x00000000080101a0                z_sched_init
 .text.z_impl_k_yield
                0x00000000080101b8       0x7c zephyr/kernel/libkernel.a(sched.c.obj)
                0x00000000080101b8                z_impl_k_yield
 .text.z_tick_sleep
                0x0000000008010234       0x88 zephyr/kernel/libkernel.a(sched.c.obj)
 .text.z_impl_k_sleep
                0x00000000080102bc       0x30 zephyr/kernel/libkernel.a(sched.c.obj)
                0x00000000080102bc                z_impl_k_sleep
 .text.z_impl_z_current_get
                0x00000000080102ec        0xc zephyr/kernel/libkernel.a(sched.c.obj)
                0x00000000080102ec                z_impl_z_current_get
 .text.z_thread_abort
                0x00000000080102f8       0xc8 zephyr/kernel/libkernel.a(sched.c.obj)
                0x00000000080102f8                z_thread_abort
 .text.z_sched_wait
                0x00000000080103c0       0x24 zephyr/kernel/libkernel.a(sched.c.obj)
                0x00000000080103c0                z_sched_wait
 .text.z_data_copy
                0x00000000080103e4       0x34 zephyr/kernel/libkernel.a(xip.c.obj)
                0x00000000080103e4                z_data_copy
 .text.elapsed  0x0000000008010418       0x14 zephyr/kernel/libkernel.a(timeout.c.obj)
 .text.next_timeout
                0x000000000801042c       0x50 zephyr/kernel/libkernel.a(timeout.c.obj)
 .text.remove_timeout
                0x000000000801047c       0x38 zephyr/kernel/libkernel.a(timeout.c.obj)
 .text.z_add_timeout
                0x00000000080104b4       0xfc zephyr/kernel/libkernel.a(timeout.c.obj)
                0x00000000080104b4                z_add_timeout
 .text.sys_clock_announce
                0x00000000080105b0       0xb4 zephyr/kernel/libkernel.a(timeout.c.obj)
                0x00000000080105b0                sys_clock_announce
 .text.sys_clock_tick_get
                0x0000000008010664       0x34 zephyr/kernel/libkernel.a(timeout.c.obj)
                0x0000000008010664                sys_clock_tick_get
 .text.z_impl_k_busy_wait
                0x0000000008010698       0x30 zephyr/kernel/libkernel.a(timeout.c.obj)
                0x0000000008010698                z_impl_k_busy_wait
 .text.z_timer_expiration_handler
                0x00000000080106c8       0xd4 zephyr/kernel/libkernel.a(timer.c.obj)
                0x00000000080106c8                z_timer_expiration_handler
 .text.z_impl_k_timer_start
                0x000000000801079c       0x98 zephyr/kernel/libkernel.a(timer.c.obj)
                0x000000000801079c                z_impl_k_timer_start
 .text.z_impl_k_poll
                0x0000000008010834       0xb8 zephyr/kernel/libkernel.a(poll.c.obj)
                0x0000000008010834                z_impl_k_poll
 .text.z_impl_k_poll_signal_raise
                0x00000000080108ec       0x50 zephyr/kernel/libkernel.a(poll.c.obj)
                0x00000000080108ec                z_impl_k_poll_signal_raise
 .text.boot_banner
                0x000000000801093c        0xc zephyr/kernel/libkernel.a(banner.c.obj)
                0x000000000801093c                boot_banner
 .text.k_sys_work_q_init
                0x0000000008010948       0x34 zephyr/kernel/libkernel.a(system_work_q.c.obj)
 .text.fabs     0x000000000801097c       0x10 /home/sorybarry/zephyr-sdk-0.15.1/arm-zephyr-eabi/arm-zephyr-eabi/lib/thumb/v7e-m+fp/hard/libm.a(lib_a-s_fabs.o)
                0x000000000801097c                fabs
 .text.sqrt     0x000000000801098c       0x74 /home/sorybarry/zephyr-sdk-0.15.1/arm-zephyr-eabi/arm-zephyr-eabi/lib/thumb/v7e-m+fp/hard/libm.a(lib_a-w_sqrt.o)
                0x000000000801098c                sqrt
 .text.__ieee754_sqrt
                0x0000000008010a00      0x198 /home/sorybarry/zephyr-sdk-0.15.1/arm-zephyr-eabi/arm-zephyr-eabi/lib/thumb/v7e-m+fp/hard/libm.a(lib_a-e_sqrt.o)
                0x0000000008010a00                __ieee754_sqrt
 .text.abs      0x0000000008010b98        0x8 /home/sorybarry/zephyr-sdk-0.15.1/arm-zephyr-eabi/arm-zephyr-eabi/lib/thumb/v7e-m+fp/hard/libc.a(lib_a-abs.o)
                0x0000000008010b98                abs
 .text.malloc   0x0000000008010ba0       0x10 /home/sorybarry/zephyr-sdk-0.15.1/arm-zephyr-eabi/arm-zephyr-eabi/lib/thumb/v7e-m+fp/hard/libc.a(lib_a-malloc.o)
                0x0000000008010ba0                malloc
 .text.free     0x0000000008010bb0       0x10 /home/sorybarry/zephyr-sdk-0.15.1/arm-zephyr-eabi/arm-zephyr-eabi/lib/thumb/v7e-m+fp/hard/libc.a(lib_a-malloc.o)
                0x0000000008010bb0                free
 .text._malloc_r
                0x0000000008010bc0      0x578 /home/sorybarry/zephyr-sdk-0.15.1/arm-zephyr-eabi/arm-zephyr-eabi/lib/thumb/v7e-m+fp/hard/libc.a(lib_a-mallocr.o)
                0x0000000008010bc0                _malloc_r
 .text.memcmp   0x0000000008011138       0x60 /home/sorybarry/zephyr-sdk-0.15.1/arm-zephyr-eabi/arm-zephyr-eabi/lib/thumb/v7e-m+fp/hard/libc.a(lib_a-memcmp.o)
                0x0000000008011138                memcmp
 .text.memmove  0x0000000008011198      0x100 /home/sorybarry/zephyr-sdk-0.15.1/arm-zephyr-eabi/arm-zephyr-eabi/lib/thumb/v7e-m+fp/hard/libc.a(lib_a-memmove.o)
                0x0000000008011198                memmove
 .text.memset   0x0000000008011298       0xa4 /home/sorybarry/zephyr-sdk-0.15.1/arm-zephyr-eabi/arm-zephyr-eabi/lib/thumb/v7e-m+fp/hard/libc.a(lib_a-memset.o)
                0x0000000008011298                memset
 .text.__memset_chk
                0x000000000801133c       0x10 /home/sorybarry/zephyr-sdk-0.15.1/arm-zephyr-eabi/arm-zephyr-eabi/lib/thumb/v7e-m+fp/hard/libc.a(lib_a-memset_chk.o)
                0x000000000801133c                __memset_chk
 .text.__malloc_lock
                0x000000000801134c        0xc /home/sorybarry/zephyr-sdk-0.15.1/arm-zephyr-eabi/arm-zephyr-eabi/lib/thumb/v7e-m+fp/hard/libc.a(lib_a-mlock.o)
                0x000000000801134c                __malloc_lock
 .text.__malloc_unlock
                0x0000000008011358        0xc /home/sorybarry/zephyr-sdk-0.15.1/arm-zephyr-eabi/arm-zephyr-eabi/lib/thumb/v7e-m+fp/hard/libc.a(lib_a-mlock.o)
                0x0000000008011358                __malloc_unlock
 .text.printf   0x0000000008011364       0x28 /home/sorybarry/zephyr-sdk-0.15.1/arm-zephyr-eabi/arm-zephyr-eabi/lib/thumb/v7e-m+fp/hard/libc.a(lib_a-printf.o)
                0x0000000008011364                printf
 .text._sbrk_r  0x000000000801138c       0x24 /home/sorybarry/zephyr-sdk-0.15.1/arm-zephyr-eabi/arm-zephyr-eabi/lib/thumb/v7e-m+fp/hard/libc.a(lib_a-sbrkr.o)
                0x000000000801138c                _sbrk_r
 .text.snprintf
                0x00000000080113b0       0x88 /home/sorybarry/zephyr-sdk-0.15.1/arm-zephyr-eabi/arm-zephyr-eabi/lib/thumb/v7e-m+fp/hard/libc.a(lib_a-snprintf.o)
                0x00000000080113b0                snprintf
 .text.strchr   0x0000000008011438       0xd0 /home/sorybarry/zephyr-sdk-0.15.1/arm-zephyr-eabi/arm-zephyr-eabi/lib/thumb/v7e-m+fp/hard/libc.a(lib_a-strchr.o)
                0x0000000008011438                strchr
 .text.strcpy   0x0000000008011508       0xbc /home/sorybarry/zephyr-sdk-0.15.1/arm-zephyr-eabi/arm-zephyr-eabi/lib/thumb/v7e-m+fp/hard/libc.a(lib_a-strcpy.o)
                0x0000000008011508                strcpy
 .text.strncmp  0x00000000080115c4       0x84 /home/sorybarry/zephyr-sdk-0.15.1/arm-zephyr-eabi/arm-zephyr-eabi/lib/thumb/v7e-m+fp/hard/libc.a(lib_a-strncmp.o)
                0x00000000080115c4                strncmp
 .text.strncpy  0x0000000008011648       0x68 /home/sorybarry/zephyr-sdk-0.15.1/arm-zephyr-eabi/arm-zephyr-eabi/lib/thumb/v7e-m+fp/hard/libc.a(lib_a-strncpy.o)
                0x0000000008011648                strncpy
 .text.strnlen  0x00000000080116b0       0x24 /home/sorybarry/zephyr-sdk-0.15.1/arm-zephyr-eabi/arm-zephyr-eabi/lib/thumb/v7e-m+fp/hard/libc.a(lib_a-strnlen.o)
                0x00000000080116b0                strnlen
 .text.two_way_long_needle
                0x00000000080116d4      0x2a0 /home/sorybarry/zephyr-sdk-0.15.1/arm-zephyr-eabi/arm-zephyr-eabi/lib/thumb/v7e-m+fp/hard/libc.a(lib_a-strstr.o)
 .text.strstr   0x0000000008011974      0x16c /home/sorybarry/zephyr-sdk-0.15.1/arm-zephyr-eabi/arm-zephyr-eabi/lib/thumb/v7e-m+fp/hard/libc.a(lib_a-strstr.o)
                0x0000000008011974                strstr
 .text._strtol_l.constprop.0
                0x0000000008011ae0      0x138 /home/sorybarry/zephyr-sdk-0.15.1/arm-zephyr-eabi/arm-zephyr-eabi/lib/thumb/v7e-m+fp/hard/libc.a(lib_a-strtol.o)
 .text.strtol   0x0000000008011c18       0x1c /home/sorybarry/zephyr-sdk-0.15.1/arm-zephyr-eabi/arm-zephyr-eabi/lib/thumb/v7e-m+fp/hard/libc.a(lib_a-strtol.o)
                0x0000000008011c18                strtol
 .text._strtoul_l.constprop.0
                0x0000000008011c34      0x134 /home/sorybarry/zephyr-sdk-0.15.1/arm-zephyr-eabi/arm-zephyr-eabi/lib/thumb/v7e-m+fp/hard/libc.a(lib_a-strtoul.o)
 .text.strtoul  0x0000000008011d68       0x1c /home/sorybarry/zephyr-sdk-0.15.1/arm-zephyr-eabi/arm-zephyr-eabi/lib/thumb/v7e-m+fp/hard/libc.a(lib_a-strtoul.o)
                0x0000000008011d68                strtoul
 .text.__sbprintf
                0x0000000008011d84       0x80 /home/sorybarry/zephyr-sdk-0.15.1/arm-zephyr-eabi/arm-zephyr-eabi/lib/thumb/v7e-m+fp/hard/libc.a(lib_a-vfprintf.o)
 .text.__swsetup_r
                0x0000000008011e04       0xc4 /home/sorybarry/zephyr-sdk-0.15.1/arm-zephyr-eabi/arm-zephyr-eabi/lib/thumb/v7e-m+fp/hard/libc.a(lib_a-wsetup.o)
                0x0000000008011e04                __swsetup_r
 .text.quorem   0x0000000008011ec8      0x12c /home/sorybarry/zephyr-sdk-0.15.1/arm-zephyr-eabi/arm-zephyr-eabi/lib/thumb/v7e-m+fp/hard/libc.a(lib_a-dtoa.o)
 .text.__sflush_r
                0x0000000008011ff4      0x120 /home/sorybarry/zephyr-sdk-0.15.1/arm-zephyr-eabi/arm-zephyr-eabi/lib/thumb/v7e-m+fp/hard/libc.a(lib_a-fflush.o)
                0x0000000008011ff4                __sflush_r
 .text._fflush_r
                0x0000000008012114       0x5c /home/sorybarry/zephyr-sdk-0.15.1/arm-zephyr-eabi/arm-zephyr-eabi/lib/thumb/v7e-m+fp/hard/libc.a(lib_a-fflush.o)
                0x0000000008012114                _fflush_r
 .text._cleanup_r
                0x0000000008012170        0xc /home/sorybarry/zephyr-sdk-0.15.1/arm-zephyr-eabi/arm-zephyr-eabi/lib/thumb/v7e-m+fp/hard/libc.a(lib_a-findfp.o)
                0x0000000008012170                _cleanup_r
 .text.__sinit  0x000000000801217c      0x10c /home/sorybarry/zephyr-sdk-0.15.1/arm-zephyr-eabi/arm-zephyr-eabi/lib/thumb/v7e-m+fp/hard/libc.a(lib_a-findfp.o)
                0x000000000801217c                __sinit
 .text._malloc_trim_r
                0x0000000008012288       0x9c /home/sorybarry/zephyr-sdk-0.15.1/arm-zephyr-eabi/arm-zephyr-eabi/lib/thumb/v7e-m+fp/hard/libc.a(lib_a-freer.o)
                0x0000000008012288                _malloc_trim_r
 .text._free_r  0x0000000008012324      0x1fc /home/sorybarry/zephyr-sdk-0.15.1/arm-zephyr-eabi/arm-zephyr-eabi/lib/thumb/v7e-m+fp/hard/libc.a(lib_a-freer.o)
                0x0000000008012324                _free_r
 .text._fwalk_reent
                0x0000000008012520       0x48 /home/sorybarry/zephyr-sdk-0.15.1/arm-zephyr-eabi/arm-zephyr-eabi/lib/thumb/v7e-m+fp/hard/libc.a(lib_a-fwalk.o)
                0x0000000008012520                _fwalk_reent
 .text._localeconv_r
                0x0000000008012568        0x8 /home/sorybarry/zephyr-sdk-0.15.1/arm-zephyr-eabi/arm-zephyr-eabi/lib/thumb/v7e-m+fp/hard/libc.a(lib_a-localeconv.o)
                0x0000000008012568                _localeconv_r
 .text.__smakebuf_r
                0x0000000008012570       0xc4 /home/sorybarry/zephyr-sdk-0.15.1/arm-zephyr-eabi/arm-zephyr-eabi/lib/thumb/v7e-m+fp/hard/libc.a(lib_a-makebuf.o)
                0x0000000008012570                __smakebuf_r
 .text._Balloc  0x0000000008012634       0x4c /home/sorybarry/zephyr-sdk-0.15.1/arm-zephyr-eabi/arm-zephyr-eabi/lib/thumb/v7e-m+fp/hard/libc.a(lib_a-mprec.o)
                0x0000000008012634                _Balloc
 .text._Bfree   0x0000000008012680       0x14 /home/sorybarry/zephyr-sdk-0.15.1/arm-zephyr-eabi/arm-zephyr-eabi/lib/thumb/v7e-m+fp/hard/libc.a(lib_a-mprec.o)
                0x0000000008012680                _Bfree
 .text.__multadd
                0x0000000008012694       0xa0 /home/sorybarry/zephyr-sdk-0.15.1/arm-zephyr-eabi/arm-zephyr-eabi/lib/thumb/v7e-m+fp/hard/libc.a(lib_a-mprec.o)
                0x0000000008012694                __multadd
 .text.__hi0bits
                0x0000000008012734       0x44 /home/sorybarry/zephyr-sdk-0.15.1/arm-zephyr-eabi/arm-zephyr-eabi/lib/thumb/v7e-m+fp/hard/libc.a(lib_a-mprec.o)
                0x0000000008012734                __hi0bits
 .text.__lo0bits
                0x0000000008012778       0x60 /home/sorybarry/zephyr-sdk-0.15.1/arm-zephyr-eabi/arm-zephyr-eabi/lib/thumb/v7e-m+fp/hard/libc.a(lib_a-mprec.o)
                0x0000000008012778                __lo0bits
 .text.__i2b    0x00000000080127d8       0x5c /home/sorybarry/zephyr-sdk-0.15.1/arm-zephyr-eabi/arm-zephyr-eabi/lib/thumb/v7e-m+fp/hard/libc.a(lib_a-mprec.o)
                0x00000000080127d8                __i2b
 .text.__multiply
                0x0000000008012834      0x16c /home/sorybarry/zephyr-sdk-0.15.1/arm-zephyr-eabi/arm-zephyr-eabi/lib/thumb/v7e-m+fp/hard/libc.a(lib_a-mprec.o)
                0x0000000008012834                __multiply
 .text.__pow5mult
                0x00000000080129a0       0xb4 /home/sorybarry/zephyr-sdk-0.15.1/arm-zephyr-eabi/arm-zephyr-eabi/lib/thumb/v7e-m+fp/hard/libc.a(lib_a-mprec.o)
                0x00000000080129a0                __pow5mult
 .text.__lshift
                0x0000000008012a54       0xf0 /home/sorybarry/zephyr-sdk-0.15.1/arm-zephyr-eabi/arm-zephyr-eabi/lib/thumb/v7e-m+fp/hard/libc.a(lib_a-mprec.o)
                0x0000000008012a54                __lshift
 .text.__mcmp   0x0000000008012b44       0x44 /home/sorybarry/zephyr-sdk-0.15.1/arm-zephyr-eabi/arm-zephyr-eabi/lib/thumb/v7e-m+fp/hard/libc.a(lib_a-mprec.o)
                0x0000000008012b44                __mcmp
 .text.__mdiff  0x0000000008012b88      0x164 /home/sorybarry/zephyr-sdk-0.15.1/arm-zephyr-eabi/arm-zephyr-eabi/lib/thumb/v7e-m+fp/hard/libc.a(lib_a-mprec.o)
                0x0000000008012b88                __mdiff
 .text.__d2b    0x0000000008012cec       0xc0 /home/sorybarry/zephyr-sdk-0.15.1/arm-zephyr-eabi/arm-zephyr-eabi/lib/thumb/v7e-m+fp/hard/libc.a(lib_a-mprec.o)
                0x0000000008012cec                __d2b
 .text.frexp    0x0000000008012dac       0x68 /home/sorybarry/zephyr-sdk-0.15.1/arm-zephyr-eabi/arm-zephyr-eabi/lib/thumb/v7e-m+fp/hard/libc.a(lib_a-s_frexp.o)
                0x0000000008012dac                frexp
 .text.__sread  0x0000000008012e14       0x24 /home/sorybarry/zephyr-sdk-0.15.1/arm-zephyr-eabi/arm-zephyr-eabi/lib/thumb/v7e-m+fp/hard/libc.a(lib_a-stdio.o)
                0x0000000008012e14                __sread
 .text.__swrite
                0x0000000008012e38       0x40 /home/sorybarry/zephyr-sdk-0.15.1/arm-zephyr-eabi/arm-zephyr-eabi/lib/thumb/v7e-m+fp/hard/libc.a(lib_a-stdio.o)
                0x0000000008012e38                __swrite
 .text.__sseek  0x0000000008012e78       0x24 /home/sorybarry/zephyr-sdk-0.15.1/arm-zephyr-eabi/arm-zephyr-eabi/lib/thumb/v7e-m+fp/hard/libc.a(lib_a-stdio.o)
                0x0000000008012e78                __sseek
 .text.__sclose
                0x0000000008012e9c        0x8 /home/sorybarry/zephyr-sdk-0.15.1/arm-zephyr-eabi/arm-zephyr-eabi/lib/thumb/v7e-m+fp/hard/libc.a(lib_a-stdio.o)
                0x0000000008012e9c                __sclose
 .text.__ssprint_r
                0x0000000008012ea4      0x108 /home/sorybarry/zephyr-sdk-0.15.1/arm-zephyr-eabi/arm-zephyr-eabi/lib/thumb/v7e-m+fp/hard/libc.a(lib_a-svfiprintf.o)
                0x0000000008012ea4                __ssprint_r
 .text.__sprint_r
                0x0000000008012fac       0x20 /home/sorybarry/zephyr-sdk-0.15.1/arm-zephyr-eabi/arm-zephyr-eabi/lib/thumb/v7e-m+fp/hard/libc.a(lib_a-vfiprintf.o)
                0x0000000008012fac                __sprint_r
 .text._vfiprintf_r
                0x0000000008012fcc      0xd94 /home/sorybarry/zephyr-sdk-0.15.1/arm-zephyr-eabi/arm-zephyr-eabi/lib/thumb/v7e-m+fp/hard/libc.a(lib_a-vfiprintf.o)
                0x0000000008012fcc                _vfiprintf_r
 .text.__sbprintf
                0x0000000008013d60       0x80 /home/sorybarry/zephyr-sdk-0.15.1/arm-zephyr-eabi/arm-zephyr-eabi/lib/thumb/v7e-m+fp/hard/libc.a(lib_a-vfiprintf.o)
 .text._write_r
                0x0000000008013de0       0x2c /home/sorybarry/zephyr-sdk-0.15.1/arm-zephyr-eabi/arm-zephyr-eabi/lib/thumb/v7e-m+fp/hard/libc.a(lib_a-writer.o)
                0x0000000008013de0                _write_r
 .text.__assert_func
                0x0000000008013e0c       0x40 /home/sorybarry/zephyr-sdk-0.15.1/arm-zephyr-eabi/arm-zephyr-eabi/lib/thumb/v7e-m+fp/hard/libc.a(lib_a-assert.o)
                0x0000000008013e0c                __assert_func
 .text._calloc_r
                0x0000000008013e4c       0x60 /home/sorybarry/zephyr-sdk-0.15.1/arm-zephyr-eabi/arm-zephyr-eabi/lib/thumb/v7e-m+fp/hard/libc.a(lib_a-callocr.o)
                0x0000000008013e4c                _calloc_r
 .text._close_r
                0x0000000008013eac       0x24 /home/sorybarry/zephyr-sdk-0.15.1/arm-zephyr-eabi/arm-zephyr-eabi/lib/thumb/v7e-m+fp/hard/libc.a(lib_a-closer.o)
                0x0000000008013eac                _close_r
 .text.fiprintf
                0x0000000008013ed0       0x28 /home/sorybarry/zephyr-sdk-0.15.1/arm-zephyr-eabi/arm-zephyr-eabi/lib/thumb/v7e-m+fp/hard/libc.a(lib_a-fiprintf.o)
                0x0000000008013ed0                fiprintf
 .text._fstat_r
                0x0000000008013ef8       0x2c /home/sorybarry/zephyr-sdk-0.15.1/arm-zephyr-eabi/arm-zephyr-eabi/lib/thumb/v7e-m+fp/hard/libc.a(lib_a-fstatr.o)
                0x0000000008013ef8                _fstat_r
 .text.__sfvwrite_r
                0x0000000008013f24      0x300 /home/sorybarry/zephyr-sdk-0.15.1/arm-zephyr-eabi/arm-zephyr-eabi/lib/thumb/v7e-m+fp/hard/libc.a(lib_a-fvwrite.o)
                0x0000000008013f24                __sfvwrite_r
 .text._isatty_r
                0x0000000008014224       0x24 /home/sorybarry/zephyr-sdk-0.15.1/arm-zephyr-eabi/arm-zephyr-eabi/lib/thumb/v7e-m+fp/hard/libc.a(lib_a-isattyr.o)
                0x0000000008014224                _isatty_r
 .text._lseek_r
                0x0000000008014248       0x2c /home/sorybarry/zephyr-sdk-0.15.1/arm-zephyr-eabi/arm-zephyr-eabi/lib/thumb/v7e-m+fp/hard/libc.a(lib_a-lseekr.o)
                0x0000000008014248                _lseek_r
 .text.__ascii_mbtowc
                0x0000000008014274       0x2c /home/sorybarry/zephyr-sdk-0.15.1/arm-zephyr-eabi/arm-zephyr-eabi/lib/thumb/v7e-m+fp/hard/libc.a(lib_a-mbtowc_r.o)
                0x0000000008014274                __ascii_mbtowc
 .text._read_r  0x00000000080142a0       0x2c /home/sorybarry/zephyr-sdk-0.15.1/arm-zephyr-eabi/arm-zephyr-eabi/lib/thumb/v7e-m+fp/hard/libc.a(lib_a-readr.o)
                0x00000000080142a0                _read_r
 .text._realloc_r
                0x00000000080142cc      0x344 /home/sorybarry/zephyr-sdk-0.15.1/arm-zephyr-eabi/arm-zephyr-eabi/lib/thumb/v7e-m+fp/hard/libc.a(lib_a-reallocr.o)
                0x00000000080142cc                _realloc_r
 .text.__ascii_wctomb
                0x0000000008014610       0x1c /home/sorybarry/zephyr-sdk-0.15.1/arm-zephyr-eabi/arm-zephyr-eabi/lib/thumb/v7e-m+fp/hard/libc.a(lib_a-wctomb_r.o)
                0x0000000008014610                __ascii_wctomb
 .text.abort    0x000000000801462c       0x10 /home/sorybarry/zephyr-sdk-0.15.1/arm-zephyr-eabi/arm-zephyr-eabi/lib/thumb/v7e-m+fp/hard/libc.a(lib_a-abort.o)
                0x000000000801462c                abort
 .text.raise    0x000000000801463c       0x58 /home/sorybarry/zephyr-sdk-0.15.1/arm-zephyr-eabi/arm-zephyr-eabi/lib/thumb/v7e-m+fp/hard/libc.a(lib_a-signal.o)
                0x000000000801463c                raise
 .text._kill_r  0x0000000008014694       0x2c /home/sorybarry/zephyr-sdk-0.15.1/arm-zephyr-eabi/arm-zephyr-eabi/lib/thumb/v7e-m+fp/hard/libc.a(lib_a-signalr.o)
                0x0000000008014694                _kill_r
 .text._getpid_r
                0x00000000080146c0        0x4 /home/sorybarry/zephyr-sdk-0.15.1/arm-zephyr-eabi/arm-zephyr-eabi/lib/thumb/v7e-m+fp/hard/libc.a(lib_a-signalr.o)
                0x00000000080146c0                _getpid_r
 .text._OffsetAbsSyms
                0x00000000080146c4        0x2 zephyr/CMakeFiles/offsets.dir/./arch/arm/core/offsets/offsets.c.obj
                0x00000000080146c4                _OffsetAbsSyms
 .text.gpio_pin_configure_dt
                0x00000000080146c6       0x3e app/libapp.a(main.c.obj)
 .text.i2c_write_read.constprop.0.isra.0
                0x0000000008014704       0x2c app/libapp.a(main.c.obj)
 .text.gpio_pin_set_dt.isra.0
                0x0000000008014730       0x28 app/libapp.a(main.c.obj)
 .text.cbpprintf_external
                0x0000000008014758       0x62 zephyr/libzephyr.a(cbprintf_packaged.c.obj)
                0x0000000008014758                cbpprintf_external
 .text.is_ptr   0x00000000080147ba       0x4a zephyr/libzephyr.a(cbprintf_packaged.c.obj)
                0x00000000080147ba                is_ptr
 .text.arch_printk_char_out
                0x0000000008014804        0x4 zephyr/libzephyr.a(printk.c.obj)
                0x0000000008014804                arch_printk_char_out
 .text.str_out  0x0000000008014808       0x26 zephyr/libzephyr.a(printk.c.obj)
 .text.printk   0x000000000801482e       0x1a zephyr/libzephyr.a(printk.c.obj)
                0x000000000801482e                printk
 .text.snprintk
                0x0000000008014848       0x1a zephyr/libzephyr.a(printk.c.obj)
                0x0000000008014848                snprintk
 .text.z_thread_entry
                0x0000000008014862       0x14 zephyr/libzephyr.a(thread_entry.c.obj)
                0x0000000008014862                z_thread_entry
 .text._ldiv5   0x0000000008014876       0x30 zephyr/libzephyr.a(cbprintf_complete.c.obj)
 .text._get_digit
                0x00000000080148a6       0x2e zephyr/libzephyr.a(cbprintf_complete.c.obj)
 .text.outs     0x00000000080148d4       0x2e zephyr/libzephyr.a(cbprintf_complete.c.obj)
 .text.ring_buf_put_claim
                0x0000000008014902       0x3e zephyr/libzephyr.a(ring_buffer.c.obj)
                0x0000000008014902                ring_buf_put_claim
 .text.ring_buf_put_finish
                0x0000000008014940       0x2a zephyr/libzephyr.a(ring_buffer.c.obj)
                0x0000000008014940                ring_buf_put_finish
 .text.ring_buf_put
                0x000000000801496a       0x3e zephyr/libzephyr.a(ring_buffer.c.obj)
                0x000000000801496a                ring_buf_put
 .text.ring_buf_get_claim
                0x00000000080149a8       0x40 zephyr/libzephyr.a(ring_buffer.c.obj)
                0x00000000080149a8                ring_buf_get_claim
 .text.ring_buf_get_finish
                0x00000000080149e8       0x2a zephyr/libzephyr.a(ring_buffer.c.obj)
                0x00000000080149e8                ring_buf_get_finish
 .text.ring_buf_get
                0x0000000008014a12       0x40 zephyr/libzephyr.a(ring_buffer.c.obj)
                0x0000000008014a12                ring_buf_get
 .text.free_space
                0x0000000008014a52       0x22 zephyr/libzephyr.a(mpsc_pbuf.c.obj)
 .text.get_usage
                0x0000000008014a74       0x22 zephyr/libzephyr.a(mpsc_pbuf.c.obj)
 .text.idx_inc  0x0000000008014a96       0x1c zephyr/libzephyr.a(mpsc_pbuf.c.obj)
 .text.add_skip_item
                0x0000000008014ab2       0x2c zephyr/libzephyr.a(mpsc_pbuf.c.obj)
 .text.max_utilization_update
                0x0000000008014ade       0x1a zephyr/libzephyr.a(mpsc_pbuf.c.obj)
 .text.drop_item_locked
                0x0000000008014af8       0xb4 zephyr/libzephyr.a(mpsc_pbuf.c.obj)
 .text.mpsc_pbuf_init
                0x0000000008014bac       0x42 zephyr/libzephyr.a(mpsc_pbuf.c.obj)
                0x0000000008014bac                mpsc_pbuf_init
 .text.mpsc_pbuf_alloc
                0x0000000008014bee       0xfc zephyr/libzephyr.a(mpsc_pbuf.c.obj)
                0x0000000008014bee                mpsc_pbuf_alloc
 .text.mpsc_pbuf_commit
                0x0000000008014cea       0x40 zephyr/libzephyr.a(mpsc_pbuf.c.obj)
                0x0000000008014cea                mpsc_pbuf_commit
 .text.mpsc_pbuf_claim
                0x0000000008014d2a       0xa0 zephyr/libzephyr.a(mpsc_pbuf.c.obj)
                0x0000000008014d2a                mpsc_pbuf_claim
 .text.mpsc_pbuf_free
                0x0000000008014dca       0x68 zephyr/libzephyr.a(mpsc_pbuf.c.obj)
                0x0000000008014dca                mpsc_pbuf_free
 .text.mpsc_pbuf_is_pending
                0x0000000008014e32       0x14 zephyr/libzephyr.a(mpsc_pbuf.c.obj)
                0x0000000008014e32                mpsc_pbuf_is_pending
 .text.mpsc_pbuf_get_utilization
                0x0000000008014e46       0x16 zephyr/libzephyr.a(mpsc_pbuf.c.obj)
                0x0000000008014e46                mpsc_pbuf_get_utilization
 .text.mpsc_pbuf_get_max_utilization
                0x0000000008014e5c       0x16 zephyr/libzephyr.a(mpsc_pbuf.c.obj)
                0x0000000008014e5c                mpsc_pbuf_get_max_utilization
 .text.fnmatchx
                0x0000000008014e72      0x24c zephyr/libzephyr.a(fnmatch.c.obj)
 .text.fnmatch  0x00000000080150be        0x6 zephyr/libzephyr.a(fnmatch.c.obj)
                0x00000000080150be                fnmatch
 .text._ConfigAbsSyms
                0x00000000080150c4        0x2 zephyr/libzephyr.a(configs.c.obj)
                0x00000000080150c4                _ConfigAbsSyms
 .text.st_stm32_common_config
                0x00000000080150c6        0x4 zephyr/libzephyr.a(soc_config.c.obj)
 .text.log_msg_generic_get_wlen
                0x00000000080150ca       0x22 zephyr/libzephyr.a(log_core.c.obj)
 .text.dummy_timestamp
                0x00000000080150ec        0x4 zephyr/libzephyr.a(log_core.c.obj)
 .text.atomic_inc
                0x00000000080150f0       0x1a zephyr/libzephyr.a(log_core.c.obj)
 .text.default_lf_get_timestamp
                0x000000000801510a       0x10 zephyr/libzephyr.a(log_core.c.obj)
 .text.z_log_notify_drop
                0x000000000801511a        0x6 zephyr/libzephyr.a(log_core.c.obj)
 .text.z_log_get_tag
                0x0000000008015120        0x4 zephyr/libzephyr.a(log_core.c.obj)
                0x0000000008015120                z_log_get_tag
 .text.z_cbprintf_cpy
                0x0000000008015124       0x2c zephyr/libzephyr.a(log_msg.c.obj)
 .text.z_log_msg_finalize
                0x0000000008015150       0x34 zephyr/libzephyr.a(log_msg.c.obj)
                0x0000000008015150                z_log_msg_finalize
 .text.buffer_write
                0x0000000008015184       0x1a zephyr/libzephyr.a(log_output.c.obj)
 .text.cbvprintf
                0x000000000801519e        0xe zephyr/libzephyr.a(log_output.c.obj)
 .text.log_output_flush
                0x00000000080151ac       0x1a zephyr/libzephyr.a(log_output.c.obj)
                0x00000000080151ac                log_output_flush
 .text.out_func
                0x00000000080151c6       0x36 zephyr/libzephyr.a(log_output.c.obj)
 .text.cr_out_func
                0x00000000080151fc       0x1c zephyr/libzephyr.a(log_output.c.obj)
 .text.log_halt
                0x0000000008015218        0x8 zephyr/libzephyr.a(log_cmds.c.obj)
 .text.log_go   0x0000000008015220        0xa zephyr/libzephyr.a(log_cmds.c.obj)
 .text.cmd_log_self_status
                0x000000000801522a       0x20 zephyr/libzephyr.a(log_cmds.c.obj)
 .text.cmd_log_self_enable
                0x000000000801524a       0x22 zephyr/libzephyr.a(log_cmds.c.obj)
 .text.log_disable
                0x000000000801526c       0x14 zephyr/libzephyr.a(log_cmds.c.obj)
 .text.cmd_log_self_disable
                0x0000000008015280       0x22 zephyr/libzephyr.a(log_cmds.c.obj)
 .text.cmd_log_self_go
                0x00000000080152a2       0x18 zephyr/libzephyr.a(log_cmds.c.obj)
 .text.cmd_log_self_halt
                0x00000000080152ba       0x18 zephyr/libzephyr.a(log_cmds.c.obj)
 .text.log_msg_generic_get_wlen
                0x00000000080152d2       0x22 zephyr/libzephyr.a(shell_uart.c.obj)
 .text.uart_irq_tx_disable
                0x00000000080152f4        0xa zephyr/libzephyr.a(shell_uart.c.obj)
 .text.uninit   0x00000000080152fe       0x1c zephyr/libzephyr.a(shell_uart.c.obj)
 .text.enable   0x000000000801531a       0x16 zephyr/libzephyr.a(shell_uart.c.obj)
 .text.read     0x0000000008015330       0x12 zephyr/libzephyr.a(shell_uart.c.obj)
 .text.write    0x0000000008015342       0x6e zephyr/libzephyr.a(shell_uart.c.obj)
 .text.atomic_or
                0x00000000080153b0       0x1e zephyr/libzephyr.a(shell.c.obj)
 .text.atomic_and
                0x00000000080153ce       0x1e zephyr/libzephyr.a(shell.c.obj)
 .text.shell_signal_handle
                0x00000000080153ec       0x2c zephyr/libzephyr.a(shell.c.obj)
 .text.z_shell_strlen
                0x0000000008015418        0xc zephyr/libzephyr.a(shell.c.obj)
 .text.z_shell_raw_fprintf
                0x0000000008015424       0x1a zephyr/libzephyr.a(shell.c.obj)
 .text.k_mutex_lock.constprop.0.isra.0
                0x000000000801543e        0x4 zephyr/libzephyr.a(shell.c.obj)
 .text.transport_evt_handler
                0x0000000008015442       0x14 zephyr/libzephyr.a(shell.c.obj)
 .text.kill_handler
                0x0000000008015456       0x50 zephyr/libzephyr.a(shell.c.obj)
 .text.z_flag_history_exit_set.isra.0
                0x00000000080154a6       0x14 zephyr/libzephyr.a(shell.c.obj)
 .text.z_flag_insert_mode_set.isra.0
                0x00000000080154ba       0x1e zephyr/libzephyr.a(shell.c.obj)
 .text.k_mutex_unlock.isra.0
                0x00000000080154d8        0x4 zephyr/libzephyr.a(shell.c.obj)
 .text.shell_log_process
                0x00000000080154dc       0x46 zephyr/libzephyr.a(shell.c.obj)
 .text.shell_vfprintf
                0x0000000008015522       0x7a zephyr/libzephyr.a(shell.c.obj)
                0x0000000008015522                shell_vfprintf
 .text.shell_fprintf
                0x000000000801559c       0x1a zephyr/libzephyr.a(shell.c.obj)
                0x000000000801559c                shell_fprintf
 .text.shell_hexdump
                0x00000000080155b6       0x30 zephyr/libzephyr.a(shell.c.obj)
                0x00000000080155b6                shell_hexdump
 .text.shell_help
                0x00000000080155e6       0x2a zephyr/libzephyr.a(shell.c.obj)
                0x00000000080155e6                shell_help
 .text.shell_set_bypass
                0x0000000008015610        0x6 zephyr/libzephyr.a(shell.c.obj)
                0x0000000008015610                shell_set_bypass
 .text.z_shell_fprintf_buffer_flush
                0x0000000008015616       0x18 zephyr/libzephyr.a(shell_fprintf.c.obj)
                0x0000000008015616                z_shell_fprintf_buffer_flush
 .text.out_func
                0x000000000801562e       0x3c zephyr/libzephyr.a(shell_fprintf.c.obj)
 .text.z_shell_strlen
                0x000000000801566a        0xc zephyr/libzephyr.a(shell_utils.c.obj)
 .text.z_column_span_with_buffer_offsets_get
                0x0000000008015676       0x1e zephyr/libzephyr.a(shell_utils.c.obj)
                0x0000000008015676                z_column_span_with_buffer_offsets_get
 .text.z_row_span_with_buffer_offsets_get
                0x0000000008015694       0x16 zephyr/libzephyr.a(shell_utils.c.obj)
                0x0000000008015694                z_row_span_with_buffer_offsets_get
 .text.z_shell_multiline_data_calc
                0x00000000080156aa       0x2c zephyr/libzephyr.a(shell_utils.c.obj)
                0x00000000080156aa                z_shell_multiline_data_calc
 .text.z_shell_pattern_remove
                0x00000000080156d6       0x4e zephyr/libzephyr.a(shell_utils.c.obj)
                0x00000000080156d6                z_shell_pattern_remove
 .text.z_shell_find_cmd
                0x0000000008015724       0x56 zephyr/libzephyr.a(shell_utils.c.obj)
                0x0000000008015724                z_shell_find_cmd
 .text.z_shell_get_last_command
                0x000000000801577a       0x5c zephyr/libzephyr.a(shell_utils.c.obj)
                0x000000000801577a                z_shell_get_last_command
 .text.shell_device_lookup
                0x00000000080157d6       0x68 zephyr/libzephyr.a(shell_utils.c.obj)
                0x00000000080157d6                shell_device_lookup
 .text.shell_strtoul
                0x000000000801583e       0x5a zephyr/libzephyr.a(shell_utils.c.obj)
                0x000000000801583e                shell_strtoul
 .text.z_shell_raw_fprintf
                0x0000000008015898       0x1a zephyr/libzephyr.a(shell_ops.c.obj)
 .text.full_line_cmd
                0x00000000080158b2       0x28 zephyr/libzephyr.a(shell_ops.c.obj)
 .text.z_shell_cursor_in_empty_line
                0x00000000080158da       0x32 zephyr/libzephyr.a(shell_ops.c.obj)
                0x00000000080158da                z_shell_cursor_in_empty_line
 .text.z_shell_op_cond_next_line
                0x000000000801590c       0x20 zephyr/libzephyr.a(shell_ops.c.obj)
                0x000000000801590c                z_shell_op_cond_next_line
 .text.z_shell_op_cursor_position_synchronize
                0x000000000801592c       0x46 zephyr/libzephyr.a(shell_ops.c.obj)
                0x000000000801592c                z_shell_op_cursor_position_synchronize
 .text.z_shell_op_cursor_move
                0x0000000008015972       0x48 zephyr/libzephyr.a(shell_ops.c.obj)
                0x0000000008015972                z_shell_op_cursor_move
 .text.z_shell_op_cursor_home_move
                0x00000000080159ba        0xc zephyr/libzephyr.a(shell_ops.c.obj)
                0x00000000080159ba                z_shell_op_cursor_home_move
 .text.z_shell_op_cursor_end_move
                0x00000000080159c6        0xe zephyr/libzephyr.a(shell_ops.c.obj)
                0x00000000080159c6                z_shell_op_cursor_end_move
 .text.z_shell_op_left_arrow
                0x00000000080159d4       0x10 zephyr/libzephyr.a(shell_ops.c.obj)
                0x00000000080159d4                z_shell_op_left_arrow
 .text.z_shell_op_right_arrow
                0x00000000080159e4       0x12 zephyr/libzephyr.a(shell_ops.c.obj)
                0x00000000080159e4                z_shell_op_right_arrow
 .text.z_shell_op_delete_from_cursor
                0x00000000080159f6       0x16 zephyr/libzephyr.a(shell_ops.c.obj)
                0x00000000080159f6                z_shell_op_delete_from_cursor